14:49:08 **** Incremental Build of configuration Debug for project cnn_cpp ****
make pre-build main-build 
a9-linaro-pre-build-step
 
Building target: cnn_cpp.elf
Invoking: ARM v7 g++ linker
arm-none-eabi-g++ -mcpu=cortex-a9 -mfpu=vfpv3 -mfloat-abi=hard -Wl,-build-id=none -specs=Xilinx.spec -Wl,-T -Wl,../src/lscript.ld -L../../cnn_bsp/ps7_cortexa9_0/lib -o "cnn_cpp.elf"  ./src/mxml/mxml-attr.o ./src/mxml/mxml-entity.o ./src/mxml/mxml-file.o ./src/mxml/mxml-get.o ./src/mxml/mxml-index.o ./src/mxml/mxml-node.o ./src/mxml/mxml-private.o ./src/mxml/mxml-search.o ./src/mxml/mxml-set.o ./src/mxml/mxml-string.o  ./src/activation_functions.o ./src/activation_module.o ./src/container_module.o ./src/convolutional_module.o ./src/fpga_utils.o ./src/helloworld.o ./src/module.o ./src/net_parser.o ./src/platform.o ./src/pool_module.o ./src/tensor.o   -Wl,--start-group,-lxil,-lgcc,-lc,-lstdc++,--end-group -Wl,--start-group,-lxilffs,-lxil,-lgcc,-lc,--end-group
./src/activation_module.o:(.bss+0x0): definizione multipla di "mem_selector"
./src/activation_functions.o:(.bss+0x0): definito qui per la prima volta
./src/container_module.o:(.bss+0x0): definizione multipla di "mem_selector"
makefile:52: set di istruzioni per l'obiettivo "cnn_cpp.elf" non riuscito
./src/activation_functions.o:/home/studio/VIVADO_2017/tiled_convolution/tiled_convolution.sdk/cnn_cpp/Debug/../src/activation_functions.cpp:15: definito qui per la prima volta
./src/convolutional_module.o:(.bss+0x0): definizione multipla di "mem_selector"
./src/activation_functions.o:/home/studio/VIVADO_2017/tiled_convolution/tiled_convolution.sdk/cnn_cpp/Debug/../src/activation_functions.cpp:15: definito qui per la prima volta
./src/fpga_utils.o:(.bss+0x0): definizione multipla di "mem_selector"
./src/activation_functions.o:/home/studio/VIVADO_2017/tiled_convolution/tiled_convolution.sdk/cnn_cpp/Debug/../src/activation_functions.cpp:15: definito qui per la prima volta
./src/helloworld.o:(.bss+0x0): definizione multipla di "mem_selector"
./src/activation_functions.o:/home/studio/VIVADO_2017/tiled_convolution/tiled_convolution.sdk/cnn_cpp/Debug/../src/activation_functions.cpp:15: definito qui per la prima volta
./src/module.o:(.bss+0x0): definizione multipla di "mem_selector"
./src/activation_functions.o:/home/studio/VIVADO_2017/tiled_convolution/tiled_convolution.sdk/cnn_cpp/Debug/../src/activation_functions.cpp:15: definito qui per la prima volta
./src/net_parser.o:(.bss+0x0): definizione multipla di "mem_selector"
./src/activation_functions.o:/home/studio/VIVADO_2017/tiled_convolution/tiled_convolution.sdk/cnn_cpp/Debug/../src/activation_functions.cpp:15: definito qui per la prima volta
./src/pool_module.o:(.bss+0x0): definizione multipla di "mem_selector"
./src/activation_functions.o:/home/studio/VIVADO_2017/tiled_convolution/tiled_convolution.sdk/cnn_cpp/Debug/../src/activation_functions.cpp:15: definito qui per la prima volta
./src/tensor.o:(.bss+0x0): definizione multipla di "mem_selector"
./src/activation_functions.o:/home/studio/VIVADO_2017/tiled_convolution/tiled_convolution.sdk/cnn_cpp/Debug/../src/activation_functions.cpp:15: definito qui per la prima volta
collect2: error: ld returned 1 exit status
make: *** [cnn_cpp.elf] Errore 1
14:50:03 **** Auto Build of configuration Debug for project cnn_cpp ****
make pre-build main-build 
a9-linaro-pre-build-step
 
Building file: ../src/activation_functions.cpp
Invoking: ARM v7 g++ compiler
arm-none-eabi-g++ -Wall -O0 -g3 -c -fmessage-length=0 -MT"src/activation_functions.o" -mcpu=cortex-a9 -mfpu=vfpv3 -mfloat-abi=hard -I../../cnn_bsp/ps7_cortexa9_0/include -MMD -MP -MF"src/activation_functions.d" -MT"src/activation_functions.o" -o "src/activation_functions.o" "../src/activation_functions.cpp"
Finished building: ../src/activation_functions.cpp
 
Building file: ../src/activation_module.cpp
Invoking: ARM v7 g++ compiler
arm-none-eabi-g++ -Wall -O0 -g3 -c -fmessage-length=0 -MT"src/activation_module.o" -mcpu=cortex-a9 -mfpu=vfpv3 -mfloat-abi=hard -I../../cnn_bsp/ps7_cortexa9_0/include -MMD -MP -MF"src/activation_module.d" -MT"src/activation_module.o" -o "src/activation_module.o" "../src/activation_module.cpp"
Finished building: ../src/activation_module.cpp
 
Building file: ../src/container_module.cpp
Invoking: ARM v7 g++ compiler
arm-none-eabi-g++ -Wall -O0 -g3 -c -fmessage-length=0 -MT"src/container_module.o" -mcpu=cortex-a9 -mfpu=vfpv3 -mfloat-abi=hard -I../../cnn_bsp/ps7_cortexa9_0/include -MMD -MP -MF"src/container_module.d" -MT"src/container_module.o" -o "src/container_module.o" "../src/container_module.cpp"
Finished building: ../src/container_module.cpp
 
Building file: ../src/convolutional_module.cpp
Invoking: ARM v7 g++ compiler
arm-none-eabi-g++ -Wall -O0 -g3 -c -fmessage-length=0 -MT"src/convolutional_module.o" -mcpu=cortex-a9 -mfpu=vfpv3 -mfloat-abi=hard -I../../cnn_bsp/ps7_cortexa9_0/include -MMD -MP -MF"src/convolutional_module.d" -MT"src/convolutional_module.o" -o "src/convolutional_module.o" "../src/convolutional_module.cpp"
../src/convolutional_module.cpp:154:8: warning: extra tokens at end of #endif directive [-Wendif-labels]
 #endif TEST
        ^~~~
../src/convolutional_module.cpp: In function 'void forward_convolutional_mod(module*)':
../src/convolutional_module.cpp:95:5: error: 'mem_selector' was not declared in this scope
  if(mem_selector){
     ^~~~~~~~~~~~
src/subdir.mk:55: set di istruzioni per l'obiettivo "src/convolutional_module.o" non riuscito
make: *** [src/convolutional_module.o] Errore 1
14:50:11 **** Auto Build of configuration Debug for project cnn_cpp ****
make pre-build main-build 
a9-linaro-pre-build-step
 
Building file: ../src/container_module.cpp
Invoking: ARM v7 g++ compiler
arm-none-eabi-g++ -Wall -O0 -g3 -c -fmessage-length=0 -MT"src/container_module.o" -mcpu=cortex-a9 -mfpu=vfpv3 -mfloat-abi=hard -I../../cnn_bsp/ps7_cortexa9_0/include -MMD -MP -MF"src/container_module.d" -MT"src/container_module.o" -o "src/container_module.o" "../src/container_module.cpp"
../src/container_module.cpp:12:13: warning: 'mem_selector' defined but not used [-Wunused-variable]
 static bool mem_selector = false;
             ^~~~~~~~~~~~
Finished building: ../src/container_module.cpp
 
Building file: ../src/convolutional_module.cpp
Invoking: ARM v7 g++ compiler
arm-none-eabi-g++ -Wall -O0 -g3 -c -fmessage-length=0 -MT"src/convolutional_module.o" -mcpu=cortex-a9 -mfpu=vfpv3 -mfloat-abi=hard -I../../cnn_bsp/ps7_cortexa9_0/include -MMD -MP -MF"src/convolutional_module.d" -MT"src/convolutional_module.o" -o "src/convolutional_module.o" "../src/convolutional_module.cpp"
../src/convolutional_module.cpp:154:8: warning: extra tokens at end of #endif directive [-Wendif-labels]
 #endif TEST
        ^~~~
../src/convolutional_module.cpp: In function 'void forward_convolutional_mod(module*)':
../src/convolutional_module.cpp:95:5: error: 'mem_selector' was not declared in this scope
  if(mem_selector){
     ^~~~~~~~~~~~
src/subdir.mk:55: set di istruzioni per l'obiettivo "src/convolutional_module.o" non riuscito
make: *** [src/convolutional_module.o] Errore 1
14:50:40 **** Auto Build of configuration Debug for project cnn_cpp ****
make pre-build main-build 
a9-linaro-pre-build-step
 
Building file: ../src/container_module.cpp
Invoking: ARM v7 g++ compiler
arm-none-eabi-g++ -Wall -O0 -g3 -c -fmessage-length=0 -MT"src/container_module.o" -mcpu=cortex-a9 -mfpu=vfpv3 -mfloat-abi=hard -I../../cnn_bsp/ps7_cortexa9_0/include -MMD -MP -MF"src/container_module.d" -MT"src/container_module.o" -o "src/container_module.o" "../src/container_module.cpp"
Finished building: ../src/container_module.cpp
 
Building file: ../src/convolutional_module.cpp
Invoking: ARM v7 g++ compiler
arm-none-eabi-g++ -Wall -O0 -g3 -c -fmessage-length=0 -MT"src/convolutional_module.o" -mcpu=cortex-a9 -mfpu=vfpv3 -mfloat-abi=hard -I../../cnn_bsp/ps7_cortexa9_0/include -MMD -MP -MF"src/convolutional_module.d" -MT"src/convolutional_module.o" -o "src/convolutional_module.o" "../src/convolutional_module.cpp"
../src/convolutional_module.cpp:154:8: warning: extra tokens at end of #endif directive [-Wendif-labels]
 #endif TEST
        ^~~~
../src/convolutional_module.cpp: In function 'void forward_convolutional_mod(module*)':
../src/convolutional_module.cpp:95:5: error: 'mem_selector' was not declared in this scope
  if(mem_selector){
     ^~~~~~~~~~~~
make: *** [src/convolutional_module.o] Errore 1
src/subdir.mk:55: set di istruzioni per l'obiettivo "src/convolutional_module.o" non riuscito
14:50:46 **** Auto Build of configuration Debug for project cnn_cpp ****
make pre-build main-build 
a9-linaro-pre-build-step
 
Building file: ../src/convolutional_module.cpp
Invoking: ARM v7 g++ compiler
arm-none-eabi-g++ -Wall -O0 -g3 -c -fmessage-length=0 -MT"src/convolutional_module.o" -mcpu=cortex-a9 -mfpu=vfpv3 -mfloat-abi=hard -I../../cnn_bsp/ps7_cortexa9_0/include -MMD -MP -MF"src/convolutional_module.d" -MT"src/convolutional_module.o" -o "src/convolutional_module.o" "../src/convolutional_module.cpp"
../src/convolutional_module.cpp:157:8: warning: extra tokens at end of #endif directive [-Wendif-labels]
 #endif TEST
        ^~~~
Finished building: ../src/convolutional_module.cpp
 
Building file: ../src/fpga_utils.cpp
Invoking: ARM v7 g++ compiler
arm-none-eabi-g++ -Wall -O0 -g3 -c -fmessage-length=0 -MT"src/fpga_utils.o" -mcpu=cortex-a9 -mfpu=vfpv3 -mfloat-abi=hard -I../../cnn_bsp/ps7_cortexa9_0/include -MMD -MP -MF"src/fpga_utils.d" -MT"src/fpga_utils.o" -o "src/fpga_utils.o" "../src/fpga_utils.cpp"
Finished building: ../src/fpga_utils.cpp
 
Building file: ../src/helloworld.cpp
Invoking: ARM v7 g++ compiler
arm-none-eabi-g++ -Wall -O0 -g3 -c -fmessage-length=0 -MT"src/helloworld.o" -mcpu=cortex-a9 -mfpu=vfpv3 -mfloat-abi=hard -I../../cnn_bsp/ps7_cortexa9_0/include -MMD -MP -MF"src/helloworld.d" -MT"src/helloworld.o" -o "src/helloworld.o" "../src/helloworld.cpp"
../src/helloworld.cpp: In function 'int load_files_from_sdcard(FILE**, FILE**)':
../src/helloworld.cpp:134:16: warning: ISO C++ forbids converting a string constant to 'TCHAR* {aka char*}' [-Wwrite-strings]
  TCHAR *Path = "0:/";
                ^~~~~
../src/helloworld.cpp: In function 'void test_system_5()':
../src/helloworld.cpp:264:14: warning: variable 'fscanf_ret_val' set but not used [-Wunused-but-set-variable]
  int in_len, fscanf_ret_val;
              ^~~~~~~~~~~~~~
Finished building: ../src/helloworld.cpp
 
Building file: ../src/module.cpp
Invoking: ARM v7 g++ compiler
arm-none-eabi-g++ -Wall -O0 -g3 -c -fmessage-length=0 -MT"src/module.o" -mcpu=cortex-a9 -mfpu=vfpv3 -mfloat-abi=hard -I../../cnn_bsp/ps7_cortexa9_0/include -MMD -MP -MF"src/module.d" -MT"src/module.o" -o "src/module.o" "../src/module.cpp"
Finished building: ../src/module.cpp
 
Building file: ../src/net_parser.cpp
Invoking: ARM v7 g++ compiler
arm-none-eabi-g++ -Wall -O0 -g3 -c -fmessage-length=0 -MT"src/net_parser.o" -mcpu=cortex-a9 -mfpu=vfpv3 -mfloat-abi=hard -I../../cnn_bsp/ps7_cortexa9_0/include -MMD -MP -MF"src/net_parser.d" -MT"src/net_parser.o" -o "src/net_parser.o" "../src/net_parser.cpp"
../src/net_parser.cpp: In function 'tensor_data_t* parse_tensor_data(const char*, int)':
../src/net_parser.cpp:44:9: warning: unused variable 'valore' [-Wunused-variable]
   float valore = data[i];
         ^~~~~~
Finished building: ../src/net_parser.cpp
 
Building file: ../src/pool_module.cpp
Invoking: ARM v7 g++ compiler
arm-none-eabi-g++ -Wall -O0 -g3 -c -fmessage-length=0 -MT"src/pool_module.o" -mcpu=cortex-a9 -mfpu=vfpv3 -mfloat-abi=hard -I../../cnn_bsp/ps7_cortexa9_0/include -MMD -MP -MF"src/pool_module.d" -MT"src/pool_module.o" -o "src/pool_module.o" "../src/pool_module.cpp"
Finished building: ../src/pool_module.cpp
 
Building file: ../src/tensor.cpp
Invoking: ARM v7 g++ compiler
arm-none-eabi-g++ -Wall -O0 -g3 -c -fmessage-length=0 -MT"src/tensor.o" -mcpu=cortex-a9 -mfpu=vfpv3 -mfloat-abi=hard -I../../cnn_bsp/ps7_cortexa9_0/include -MMD -MP -MF"src/tensor.d" -MT"src/tensor.o" -o "src/tensor.o" "../src/tensor.cpp"
../src/tensor.cpp: In function 'tensor maxpool_operation(tensor, int, int, int, int, int, int)':
../src/tensor.cpp:117:6: warning: unused variable 'in_i' [-Wunused-variable]
  int in_i, out_i;
      ^~~~
../src/tensor.cpp:117:12: warning: unused variable 'out_i' [-Wunused-variable]
  int in_i, out_i;
            ^~~~~
Finished building: ../src/tensor.cpp
 
Building target: cnn_cpp.elf
Invoking: ARM v7 g++ linker
arm-none-eabi-g++ -mcpu=cortex-a9 -mfpu=vfpv3 -mfloat-abi=hard -Wl,-build-id=none -specs=Xilinx.spec -Wl,-T -Wl,../src/lscript.ld -L../../cnn_bsp/ps7_cortexa9_0/lib -o "cnn_cpp.elf"  ./src/mxml/mxml-attr.o ./src/mxml/mxml-entity.o ./src/mxml/mxml-file.o ./src/mxml/mxml-get.o ./src/mxml/mxml-index.o ./src/mxml/mxml-node.o ./src/mxml/mxml-private.o ./src/mxml/mxml-search.o ./src/mxml/mxml-set.o ./src/mxml/mxml-string.o  ./src/activation_functions.o ./src/activation_module.o ./src/container_module.o ./src/convolutional_module.o ./src/fpga_utils.o ./src/helloworld.o ./src/module.o ./src/net_parser.o ./src/platform.o ./src/pool_module.o ./src/tensor.o   -Wl,--start-group,-lxil,-lgcc,-lc,-lstdc++,--end-group -Wl,--start-group,-lxilffs,-lxil,-lgcc,-lc,--end-group
Finished building target: cnn_cpp.elf
 
Invoking: ARM v7 Print Size
arm-none-eabi-size cnn_cpp.elf  |tee "cnn_cpp.elf.size"
   text	   data	    bss	    dec	    hex	filename
 259792	   3120	8398688	8661600	 842a60	cnn_cpp.elf
Finished building: cnn_cpp.elf.size
 
14:50:52 **** Incremental Build of configuration Debug for project cnn_cpp ****
make pre-build main-build 
a9-linaro-pre-build-step
 
make: Nessuna operazione da eseguire per "main-build".
14:53:37 **** Incremental Build of configuration Debug for project cnn_cpp ****
make pre-build main-build 
a9-linaro-pre-build-step
 
make: Nessuna operazione da eseguire per "main-build".
14:54:22 **** Incremental Build of configuration Debug for project cnn_cpp ****
make pre-build main-build 
a9-linaro-pre-build-step
 
make: Nessuna operazione da eseguire per "main-build".
14:57:31 **** Auto Build of configuration Debug for project cnn_cpp ****
make pre-build main-build 
a9-linaro-pre-build-step
 
Building target: cnn_cpp.elf
Invoking: ARM v7 g++ linker
arm-none-eabi-g++ -mcpu=cortex-a9 -mfpu=vfpv3 -mfloat-abi=hard -Wl,-build-id=none -specs=Xilinx.spec -Wl,-T -Wl,../src/lscript.ld -L../../cnn_bsp/ps7_cortexa9_0/lib -o "cnn_cpp.elf"  ./src/mxml/mxml-attr.o ./src/mxml/mxml-entity.o ./src/mxml/mxml-file.o ./src/mxml/mxml-get.o ./src/mxml/mxml-index.o ./src/mxml/mxml-node.o ./src/mxml/mxml-private.o ./src/mxml/mxml-search.o ./src/mxml/mxml-set.o ./src/mxml/mxml-string.o  ./src/activation_functions.o ./src/activation_module.o ./src/container_module.o ./src/convolutional_module.o ./src/fpga_utils.o ./src/helloworld.o ./src/module.o ./src/net_parser.o ./src/platform.o ./src/pool_module.o ./src/tensor.o   -Wl,--start-group,-lxil,-lgcc,-lc,-lstdc++,--end-group -Wl,--start-group,-lxilffs,-lxil,-lgcc,-lc,--end-group
Finished building target: cnn_cpp.elf
 
Invoking: ARM v7 Print Size
arm-none-eabi-size cnn_cpp.elf  |tee "cnn_cpp.elf.size"
   text	   data	    bss	    dec	    hex	filename
 259792	   3120	5449568	5712480	 572a60	cnn_cpp.elf
Finished building: cnn_cpp.elf.size
 
14:57:34 **** Incremental Build of configuration Debug for project cnn_cpp ****
make pre-build main-build 
a9-linaro-pre-build-step
 
make: Nessuna operazione da eseguire per "main-build".
14:58:15 **** Incremental Build of configuration Debug for project cnn_cpp ****
make pre-build main-build 
a9-linaro-pre-build-step
 
make: Nessuna operazione da eseguire per "main-build".
14:58:36 **** Incremental Build of configuration Debug for project cnn_cpp ****
make pre-build main-build 
a9-linaro-pre-build-step
 
make: Nessuna operazione da eseguire per "main-build".
14:59:49 **** Auto Build of configuration Debug for project cnn_cpp ****
make pre-build main-build 
a9-linaro-pre-build-step
 
Building target: cnn_cpp.elf
Invoking: ARM v7 g++ linker
arm-none-eabi-g++ -mcpu=cortex-a9 -mfpu=vfpv3 -mfloat-abi=hard -Wl,-build-id=none -specs=Xilinx.spec -Wl,-T -Wl,../src/lscript.ld -L../../cnn_bsp/ps7_cortexa9_0/lib -o "cnn_cpp.elf"  ./src/mxml/mxml-attr.o ./src/mxml/mxml-entity.o ./src/mxml/mxml-file.o ./src/mxml/mxml-get.o ./src/mxml/mxml-index.o ./src/mxml/mxml-node.o ./src/mxml/mxml-private.o ./src/mxml/mxml-search.o ./src/mxml/mxml-set.o ./src/mxml/mxml-string.o  ./src/activation_functions.o ./src/activation_module.o ./src/container_module.o ./src/convolutional_module.o ./src/fpga_utils.o ./src/helloworld.o ./src/module.o ./src/net_parser.o ./src/platform.o ./src/pool_module.o ./src/tensor.o   -Wl,--start-group,-lxil,-lgcc,-lc,-lstdc++,--end-group -Wl,--start-group,-lxilffs,-lxil,-lgcc,-lc,--end-group
Finished building target: cnn_cpp.elf
 
Invoking: ARM v7 Print Size
arm-none-eabi-size cnn_cpp.elf  |tee "cnn_cpp.elf.size"
   text	   data	    bss	    dec	    hex	filename
 259792	   3120	10495840	10758752	 a42a60	cnn_cpp.elf
Finished building: cnn_cpp.elf.size
 
14:59:52 **** Incremental Build of configuration Debug for project cnn_cpp ****
make pre-build main-build 
a9-linaro-pre-build-step
 
make: Nessuna operazione da eseguire per "main-build".
15:01:06 **** Auto Build of configuration Debug for project cnn_cpp ****
make pre-build main-build 
a9-linaro-pre-build-step
 
Building target: cnn_cpp.elf
Invoking: ARM v7 g++ linker
arm-none-eabi-g++ -mcpu=cortex-a9 -mfpu=vfpv3 -mfloat-abi=hard -Wl,-build-id=none -specs=Xilinx.spec -Wl,-T -Wl,../src/lscript.ld -L../../cnn_bsp/ps7_cortexa9_0/lib -o "cnn_cpp.elf"  ./src/mxml/mxml-attr.o ./src/mxml/mxml-entity.o ./src/mxml/mxml-file.o ./src/mxml/mxml-get.o ./src/mxml/mxml-index.o ./src/mxml/mxml-node.o ./src/mxml/mxml-private.o ./src/mxml/mxml-search.o ./src/mxml/mxml-set.o ./src/mxml/mxml-string.o  ./src/activation_functions.o ./src/activation_module.o ./src/container_module.o ./src/convolutional_module.o ./src/fpga_utils.o ./src/helloworld.o ./src/module.o ./src/net_parser.o ./src/platform.o ./src/pool_module.o ./src/tensor.o   -Wl,--start-group,-lxil,-lgcc,-lc,-lstdc++,--end-group -Wl,--start-group,-lxilffs,-lxil,-lgcc,-lc,--end-group
Finished building target: cnn_cpp.elf
 
Invoking: ARM v7 Print Size
arm-none-eabi-size cnn_cpp.elf  |tee "cnn_cpp.elf.size"
   text	   data	    bss	    dec	    hex	filename
 259792	   3120	12592992	12855904	 c42a60	cnn_cpp.elf
Finished building: cnn_cpp.elf.size
 
15:01:35 **** Auto Build of configuration Debug for project cnn_cpp ****
make pre-build main-build 
a9-linaro-pre-build-step
 
Building target: cnn_cpp.elf
Invoking: ARM v7 g++ linker
arm-none-eabi-g++ -mcpu=cortex-a9 -mfpu=vfpv3 -mfloat-abi=hard -Wl,-build-id=none -specs=Xilinx.spec -Wl,-T -Wl,../src/lscript.ld -L../../cnn_bsp/ps7_cortexa9_0/lib -o "cnn_cpp.elf"  ./src/mxml/mxml-attr.o ./src/mxml/mxml-entity.o ./src/mxml/mxml-file.o ./src/mxml/mxml-get.o ./src/mxml/mxml-index.o ./src/mxml/mxml-node.o ./src/mxml/mxml-private.o ./src/mxml/mxml-search.o ./src/mxml/mxml-set.o ./src/mxml/mxml-string.o  ./src/activation_functions.o ./src/activation_module.o ./src/container_module.o ./src/convolutional_module.o ./src/fpga_utils.o ./src/helloworld.o ./src/module.o ./src/net_parser.o ./src/platform.o ./src/pool_module.o ./src/tensor.o   -Wl,--start-group,-lxil,-lgcc,-lc,-lstdc++,--end-group -Wl,--start-group,-lxilffs,-lxil,-lgcc,-lc,--end-group
Finished building target: cnn_cpp.elf
 
Invoking: ARM v7 Print Size
arm-none-eabi-size cnn_cpp.elf  |tee "cnn_cpp.elf.size"
   text	   data	    bss	    dec	    hex	filename
 259792	   3120	12592992	12855904	 c42a60	cnn_cpp.elf
Finished building: cnn_cpp.elf.size
 
15:01:37 **** Incremental Build of configuration Debug for project cnn_cpp ****
make pre-build main-build 
a9-linaro-pre-build-step
 
make: Nessuna operazione da eseguire per "main-build".
15:02:24 **** Incremental Build of configuration Debug for project cnn_cpp ****
make pre-build main-build 
a9-linaro-pre-build-step
 
make: Nessuna operazione da eseguire per "main-build".
15:05:55 **** Auto Build of configuration Debug for project cnn_cpp ****
make pre-build main-build 
a9-linaro-pre-build-step
 
Building target: cnn_cpp.elf
Invoking: ARM v7 g++ linker
arm-none-eabi-g++ -mcpu=cortex-a9 -mfpu=vfpv3 -mfloat-abi=hard -Wl,-build-id=none -specs=Xilinx.spec -Wl,-T -Wl,../src/lscript.ld -L../../cnn_bsp/ps7_cortexa9_0/lib -o "cnn_cpp.elf"  ./src/mxml/mxml-attr.o ./src/mxml/mxml-entity.o ./src/mxml/mxml-file.o ./src/mxml/mxml-get.o ./src/mxml/mxml-index.o ./src/mxml/mxml-node.o ./src/mxml/mxml-private.o ./src/mxml/mxml-search.o ./src/mxml/mxml-set.o ./src/mxml/mxml-string.o  ./src/activation_functions.o ./src/activation_module.o ./src/container_module.o ./src/convolutional_module.o ./src/fpga_utils.o ./src/helloworld.o ./src/module.o ./src/net_parser.o ./src/platform.o ./src/pool_module.o ./src/tensor.o   -Wl,--start-group,-lxil,-lgcc,-lc,-lstdc++,--end-group -Wl,--start-group,-lxilffs,-lxil,-lgcc,-lc,--end-group
Finished building target: cnn_cpp.elf
 
Invoking: ARM v7 Print Size
arm-none-eabi-size cnn_cpp.elf  |tee "cnn_cpp.elf.size"
   text	   data	    bss	    dec	    hex	filename
 259792	   3120	89139040	89401952	5542a60	cnn_cpp.elf
Finished building: cnn_cpp.elf.size
 
15:06:06 **** Incremental Build of configuration Debug for project cnn_cpp ****
make pre-build main-build 
a9-linaro-pre-build-step
 
make: Nessuna operazione da eseguire per "main-build".
15:08:26 **** Incremental Build of configuration Debug for project cnn_cpp ****
make pre-build main-build 
a9-linaro-pre-build-step
 
make: Nessuna operazione da eseguire per "main-build".
15:13:10 **** Auto Build of configuration Debug for project cnn_cpp ****
make pre-build main-build 
a9-linaro-pre-build-step
 
Building file: ../src/convolutional_module.cpp
Invoking: ARM v7 g++ compiler
arm-none-eabi-g++ -Wall -O0 -g3 -c -fmessage-length=0 -MT"src/convolutional_module.o" -mcpu=cortex-a9 -mfpu=vfpv3 -mfloat-abi=hard -I../../cnn_bsp/ps7_cortexa9_0/include -MMD -MP -MF"src/convolutional_module.d" -MT"src/convolutional_module.o" -o "src/convolutional_module.o" "../src/convolutional_module.cpp"
../src/convolutional_module.cpp:157:8: warning: extra tokens at end of #endif directive [-Wendif-labels]
 #endif TEST
        ^~~~
Finished building: ../src/convolutional_module.cpp
 
Building target: cnn_cpp.elf
Invoking: ARM v7 g++ linker
arm-none-eabi-g++ -mcpu=cortex-a9 -mfpu=vfpv3 -mfloat-abi=hard -Wl,-build-id=none -specs=Xilinx.spec -Wl,-T -Wl,../src/lscript.ld -L../../cnn_bsp/ps7_cortexa9_0/lib -o "cnn_cpp.elf"  ./src/mxml/mxml-attr.o ./src/mxml/mxml-entity.o ./src/mxml/mxml-file.o ./src/mxml/mxml-get.o ./src/mxml/mxml-index.o ./src/mxml/mxml-node.o ./src/mxml/mxml-private.o ./src/mxml/mxml-search.o ./src/mxml/mxml-set.o ./src/mxml/mxml-string.o  ./src/activation_functions.o ./src/activation_module.o ./src/container_module.o ./src/convolutional_module.o ./src/fpga_utils.o ./src/helloworld.o ./src/module.o ./src/net_parser.o ./src/platform.o ./src/pool_module.o ./src/tensor.o   -Wl,--start-group,-lxil,-lgcc,-lc,-lstdc++,--end-group -Wl,--start-group,-lxilffs,-lxil,-lgcc,-lc,--end-group
Finished building target: cnn_cpp.elf
 
Invoking: ARM v7 Print Size
arm-none-eabi-size cnn_cpp.elf  |tee "cnn_cpp.elf.size"
   text	   data	    bss	    dec	    hex	filename
 259792	   3120	89139040	89401952	5542a60	cnn_cpp.elf
Finished building: cnn_cpp.elf.size
 
15:13:13 **** Incremental Build of configuration Debug for project cnn_cpp ****
make pre-build main-build 
a9-linaro-pre-build-step
 
make: Nessuna operazione da eseguire per "main-build".
15:13:29 **** Incremental Build of configuration Debug for project cnn_cpp ****
make pre-build main-build 
a9-linaro-pre-build-step
 
make: Nessuna operazione da eseguire per "main-build".
15:14:20 **** Incremental Build of configuration Debug for project cnn_cpp ****
make pre-build main-build 
a9-linaro-pre-build-step
 
make: Nessuna operazione da eseguire per "main-build".
15:16:03 **** Incremental Build of configuration Debug for project cnn_cpp ****
make pre-build main-build 
a9-linaro-pre-build-step
 
make: Nessuna operazione da eseguire per "main-build".
15:31:13 **** Incremental Build of configuration Debug for project cnn_cpp ****
make pre-build main-build 
a9-linaro-pre-build-step
 
make: Nessuna operazione da eseguire per "main-build".
15:34:24 **** Auto Build of configuration Debug for project cnn_cpp ****
make pre-build main-build 
a9-linaro-pre-build-step
 
Building file: ../src/container_module.cpp
Invoking: ARM v7 g++ compiler
arm-none-eabi-g++ -Wall -O0 -g3 -c -fmessage-length=0 -MT"src/container_module.o" -mcpu=cortex-a9 -mfpu=vfpv3 -mfloat-abi=hard -I../../cnn_bsp/ps7_cortexa9_0/include -MMD -MP -MF"src/container_module.d" -MT"src/container_module.o" -o "src/container_module.o" "../src/container_module.cpp"
Finished building: ../src/container_module.cpp
 
Building target: cnn_cpp.elf
Invoking: ARM v7 g++ linker
arm-none-eabi-g++ -mcpu=cortex-a9 -mfpu=vfpv3 -mfloat-abi=hard -Wl,-build-id=none -specs=Xilinx.spec -Wl,-T -Wl,../src/lscript.ld -L../../cnn_bsp/ps7_cortexa9_0/lib -o "cnn_cpp.elf"  ./src/mxml/mxml-attr.o ./src/mxml/mxml-entity.o ./src/mxml/mxml-file.o ./src/mxml/mxml-get.o ./src/mxml/mxml-index.o ./src/mxml/mxml-node.o ./src/mxml/mxml-private.o ./src/mxml/mxml-search.o ./src/mxml/mxml-set.o ./src/mxml/mxml-string.o  ./src/activation_functions.o ./src/activation_module.o ./src/container_module.o ./src/convolutional_module.o ./src/fpga_utils.o ./src/helloworld.o ./src/module.o ./src/net_parser.o ./src/platform.o ./src/pool_module.o ./src/tensor.o   -Wl,--start-group,-lxil,-lgcc,-lc,-lstdc++,--end-group -Wl,--start-group,-lxilffs,-lxil,-lgcc,-lc,--end-group
Finished building target: cnn_cpp.elf
 
Invoking: ARM v7 Print Size
arm-none-eabi-size cnn_cpp.elf  |tee "cnn_cpp.elf.size"
   text	   data	    bss	    dec	    hex	filename
 259856	   3120	89139040	89402016	5542aa0	cnn_cpp.elf
Finished building: cnn_cpp.elf.size
 
15:34:48 **** Auto Build of configuration Debug for project cnn_cpp ****
make pre-build main-build 
a9-linaro-pre-build-step
 
Building file: ../src/container_module.cpp
Invoking: ARM v7 g++ compiler
arm-none-eabi-g++ -Wall -O0 -g3 -c -fmessage-length=0 -MT"src/container_module.o" -mcpu=cortex-a9 -mfpu=vfpv3 -mfloat-abi=hard -I../../cnn_bsp/ps7_cortexa9_0/include -MMD -MP -MF"src/container_module.d" -MT"src/container_module.o" -o "src/container_module.o" "../src/container_module.cpp"
Finished building: ../src/container_module.cpp
 
Building target: cnn_cpp.elf
Invoking: ARM v7 g++ linker
arm-none-eabi-g++ -mcpu=cortex-a9 -mfpu=vfpv3 -mfloat-abi=hard -Wl,-build-id=none -specs=Xilinx.spec -Wl,-T -Wl,../src/lscript.ld -L../../cnn_bsp/ps7_cortexa9_0/lib -o "cnn_cpp.elf"  ./src/mxml/mxml-attr.o ./src/mxml/mxml-entity.o ./src/mxml/mxml-file.o ./src/mxml/mxml-get.o ./src/mxml/mxml-index.o ./src/mxml/mxml-node.o ./src/mxml/mxml-private.o ./src/mxml/mxml-search.o ./src/mxml/mxml-set.o ./src/mxml/mxml-string.o  ./src/activation_functions.o ./src/activation_module.o ./src/container_module.o ./src/convolutional_module.o ./src/fpga_utils.o ./src/helloworld.o ./src/module.o ./src/net_parser.o ./src/platform.o ./src/pool_module.o ./src/tensor.o   -Wl,--start-group,-lxil,-lgcc,-lc,-lstdc++,--end-group -Wl,--start-group,-lxilffs,-lxil,-lgcc,-lc,--end-group
Finished building target: cnn_cpp.elf
 
Invoking: ARM v7 Print Size
arm-none-eabi-size cnn_cpp.elf  |tee "cnn_cpp.elf.size"
   text	   data	    bss	    dec	    hex	filename
 259856	   3120	89139040	89402016	5542aa0	cnn_cpp.elf
Finished building: cnn_cpp.elf.size
 
15:34:57 **** Auto Build of configuration Debug for project cnn_cpp ****
make pre-build main-build 
a9-linaro-pre-build-step
 
Building file: ../src/container_module.cpp
Invoking: ARM v7 g++ compiler
arm-none-eabi-g++ -Wall -O0 -g3 -c -fmessage-length=0 -MT"src/container_module.o" -mcpu=cortex-a9 -mfpu=vfpv3 -mfloat-abi=hard -I../../cnn_bsp/ps7_cortexa9_0/include -MMD -MP -MF"src/container_module.d" -MT"src/container_module.o" -o "src/container_module.o" "../src/container_module.cpp"
Finished building: ../src/container_module.cpp
 
Building target: cnn_cpp.elf
Invoking: ARM v7 g++ linker
arm-none-eabi-g++ -mcpu=cortex-a9 -mfpu=vfpv3 -mfloat-abi=hard -Wl,-build-id=none -specs=Xilinx.spec -Wl,-T -Wl,../src/lscript.ld -L../../cnn_bsp/ps7_cortexa9_0/lib -o "cnn_cpp.elf"  ./src/mxml/mxml-attr.o ./src/mxml/mxml-entity.o ./src/mxml/mxml-file.o ./src/mxml/mxml-get.o ./src/mxml/mxml-index.o ./src/mxml/mxml-node.o ./src/mxml/mxml-private.o ./src/mxml/mxml-search.o ./src/mxml/mxml-set.o ./src/mxml/mxml-string.o  ./src/activation_functions.o ./src/activation_module.o ./src/container_module.o ./src/convolutional_module.o ./src/fpga_utils.o ./src/helloworld.o ./src/module.o ./src/net_parser.o ./src/platform.o ./src/pool_module.o ./src/tensor.o   -Wl,--start-group,-lxil,-lgcc,-lc,-lstdc++,--end-group -Wl,--start-group,-lxilffs,-lxil,-lgcc,-lc,--end-group
Finished building target: cnn_cpp.elf
 
Invoking: ARM v7 Print Size
arm-none-eabi-size cnn_cpp.elf  |tee "cnn_cpp.elf.size"
   text	   data	    bss	    dec	    hex	filename
 259856	   3120	89139040	89402016	5542aa0	cnn_cpp.elf
Finished building: cnn_cpp.elf.size
 
15:35:00 **** Incremental Build of configuration Debug for project cnn_cpp ****
make pre-build main-build 
a9-linaro-pre-build-step
 
make: Nessuna operazione da eseguire per "main-build".
15:35:36 **** Incremental Build of configuration Debug for project cnn_cpp ****
make pre-build main-build 
a9-linaro-pre-build-step
 
make: Nessuna operazione da eseguire per "main-build".
15:36:14 **** Incremental Build of configuration Debug for project cnn_cpp ****
make pre-build main-build 
a9-linaro-pre-build-step
 
make: Nessuna operazione da eseguire per "main-build".
15:48:12 **** Incremental Build of configuration Debug for project cnn_cpp ****
make pre-build main-build 
a9-linaro-pre-build-step
 
make: Nessuna operazione da eseguire per "main-build".
15:54:48 **** Auto Build of configuration Debug for project cnn_cpp ****
make pre-build main-build 
a9-linaro-pre-build-step
 
Building file: ../src/activation_functions.cpp
Invoking: ARM v7 g++ compiler
arm-none-eabi-g++ -Wall -O0 -g3 -c -fmessage-length=0 -MT"src/activation_functions.o" -mcpu=cortex-a9 -mfpu=vfpv3 -mfloat-abi=hard -I../../cnn_bsp/ps7_cortexa9_0/include -MMD -MP -MF"src/activation_functions.d" -MT"src/activation_functions.o" -o "src/activation_functions.o" "../src/activation_functions.cpp"
../src/activation_functions.cpp: In function 'tensor activate(tensor, activation_t)':
../src/activation_functions.cpp:75:2: error: 'activated_tensor' was not declared in this scope
  activated_tensor->d = t->d;
  ^~~~~~~~~~~~~~~~
../src/activation_functions.cpp:75:25: error: base operand of '->' has non-pointer type 'tensor'
  activated_tensor->d = t->d;
                         ^~
../src/activation_functions.cpp:76:25: error: base operand of '->' has non-pointer type 'tensor'
  activated_tensor->h = t->h;
                         ^~
../src/activation_functions.cpp:77:25: error: base operand of '->' has non-pointer type 'tensor'
  activated_tensor->w = t->w;
                         ^~
../src/activation_functions.cpp:78:19: error: base operand of '->' has non-pointer type 'tensor'
  activated_tensors->data = t->data == 0x8100000 ? 0xC100000 : 0x8100000;
                   ^~
../src/activation_functions.cpp:78:29: error: base operand of '->' has non-pointer type 'tensor'
  activated_tensors->data = t->data == 0x8100000 ? 0xC100000 : 0x8100000;
                             ^~
src/subdir.mk:55: set di istruzioni per l'obiettivo "src/activation_functions.o" non riuscito
make: *** [src/activation_functions.o] Errore 1
15:54:57 **** Auto Build of configuration Debug for project cnn_cpp ****
make pre-build main-build 
a9-linaro-pre-build-step
 
Building file: ../src/activation_functions.cpp
Invoking: ARM v7 g++ compiler
arm-none-eabi-g++ -Wall -O0 -g3 -c -fmessage-length=0 -MT"src/activation_functions.o" -mcpu=cortex-a9 -mfpu=vfpv3 -mfloat-abi=hard -I../../cnn_bsp/ps7_cortexa9_0/include -MMD -MP -MF"src/activation_functions.d" -MT"src/activation_functions.o" -o "src/activation_functions.o" "../src/activation_functions.cpp"
../src/activation_functions.cpp: In function 'tensor activate(tensor, activation_t)':
../src/activation_functions.cpp:75:2: error: 'activated_tensor' was not declared in this scope
  activated_tensor.d = t->d;
  ^~~~~~~~~~~~~~~~
../src/activation_functions.cpp:75:24: error: base operand of '->' has non-pointer type 'tensor'
  activated_tensor.d = t->d;
                        ^~
../src/activation_functions.cpp:76:25: error: base operand of '->' has non-pointer type 'tensor'
  activated_tensor->h = t->h;
                         ^~
../src/activation_functions.cpp:77:25: error: base operand of '->' has non-pointer type 'tensor'
  activated_tensor->w = t->w;
                         ^~
../src/activation_functions.cpp:78:19: error: base operand of '->' has non-pointer type 'tensor'
  activated_tensors->data = t->data == 0x8100000 ? 0xC100000 : 0x8100000;
                   ^~
../src/activation_functions.cpp:78:29: error: base operand of '->' has non-pointer type 'tensor'
  activated_tensors->data = t->data == 0x8100000 ? 0xC100000 : 0x8100000;
                             ^~
src/subdir.mk:55: set di istruzioni per l'obiettivo "src/activation_functions.o" non riuscito
make: *** [src/activation_functions.o] Errore 1
15:55:01 **** Auto Build of configuration Debug for project cnn_cpp ****
make pre-build main-build 
a9-linaro-pre-build-step
 
Building file: ../src/activation_functions.cpp
Invoking: ARM v7 g++ compiler
arm-none-eabi-g++ -Wall -O0 -g3 -c -fmessage-length=0 -MT"src/activation_functions.o" -mcpu=cortex-a9 -mfpu=vfpv3 -mfloat-abi=hard -I../../cnn_bsp/ps7_cortexa9_0/include -MMD -MP -MF"src/activation_functions.d" -MT"src/activation_functions.o" -o "src/activation_functions.o" "../src/activation_functions.cpp"
../src/activation_functions.cpp: In function 'tensor activate(tensor, activation_t)':
../src/activation_functions.cpp:75:2: error: 'activated_tensor' was not declared in this scope
  activated_tensor.d = t.d;
  ^~~~~~~~~~~~~~~~
../src/activation_functions.cpp:76:25: error: base operand of '->' has non-pointer type 'tensor'
  activated_tensor->h = t->h;
                         ^~
../src/activation_functions.cpp:77:25: error: base operand of '->' has non-pointer type 'tensor'
  activated_tensor->w = t->w;
                         ^~
../src/activation_functions.cpp:78:19: error: base operand of '->' has non-pointer type 'tensor'
  activated_tensors->data = t->data == 0x8100000 ? 0xC100000 : 0x8100000;
                   ^~
../src/activation_functions.cpp:78:29: error: base operand of '->' has non-pointer type 'tensor'
  activated_tensors->data = t->data == 0x8100000 ? 0xC100000 : 0x8100000;
                             ^~
src/subdir.mk:55: set di istruzioni per l'obiettivo "src/activation_functions.o" non riuscito
make: *** [src/activation_functions.o] Errore 1
15:55:09 **** Auto Build of configuration Debug for project cnn_cpp ****
make pre-build main-build 
a9-linaro-pre-build-step
 
Building file: ../src/activation_functions.cpp
Invoking: ARM v7 g++ compiler
arm-none-eabi-g++ -Wall -O0 -g3 -c -fmessage-length=0 -MT"src/activation_functions.o" -mcpu=cortex-a9 -mfpu=vfpv3 -mfloat-abi=hard -I../../cnn_bsp/ps7_cortexa9_0/include -MMD -MP -MF"src/activation_functions.d" -MT"src/activation_functions.o" -o "src/activation_functions.o" "../src/activation_functions.cpp"
../src/activation_functions.cpp: In function 'tensor activate(tensor, activation_t)':
../src/activation_functions.cpp:76:18: error: base operand of '->' has non-pointer type 'tensor'
  activated_tensor->h = t->h;
                  ^~
../src/activation_functions.cpp:76:25: error: base operand of '->' has non-pointer type 'tensor'
  activated_tensor->h = t->h;
                         ^~
../src/activation_functions.cpp:77:18: error: base operand of '->' has non-pointer type 'tensor'
  activated_tensor->w = t->w;
                  ^~
../src/activation_functions.cpp:77:25: error: base operand of '->' has non-pointer type 'tensor'
  activated_tensor->w = t->w;
                         ^~
../src/activation_functions.cpp:78:2: error: 'activated_tensors' was not declared in this scope
  activated_tensors->data = t->data == 0x8100000 ? 0xC100000 : 0x8100000;
  ^~~~~~~~~~~~~~~~~
../src/activation_functions.cpp:78:29: error: base operand of '->' has non-pointer type 'tensor'
  activated_tensors->data = t->data == 0x8100000 ? 0xC100000 : 0x8100000;
                             ^~
src/subdir.mk:55: set di istruzioni per l'obiettivo "src/activation_functions.o" non riuscito
make: *** [src/activation_functions.o] Errore 1
15:55:27 **** Auto Build of configuration Debug for project cnn_cpp ****
make pre-build main-build 
a9-linaro-pre-build-step
 
Building file: ../src/activation_functions.cpp
Invoking: ARM v7 g++ compiler
arm-none-eabi-g++ -Wall -O0 -g3 -c -fmessage-length=0 -MT"src/activation_functions.o" -mcpu=cortex-a9 -mfpu=vfpv3 -mfloat-abi=hard -I../../cnn_bsp/ps7_cortexa9_0/include -MMD -MP -MF"src/activation_functions.d" -MT"src/activation_functions.o" -o "src/activation_functions.o" "../src/activation_functions.cpp"
../src/activation_functions.cpp: In function 'tensor activate(tensor, activation_t)':
../src/activation_functions.cpp:78:2: error: 'activated_tensors' was not declared in this scope
  activated_tensors.data = t.data == 0x8100000 ? 0xC100000 : 0x8100000;
  ^~~~~~~~~~~~~~~~~
../src/activation_functions.cpp:78:37: error: ISO C++ forbids comparison between pointer and integer [-fpermissive]
  activated_tensors.data = t.data == 0x8100000 ? 0xC100000 : 0x8100000;
                                     ^~~~~~~~~
src/subdir.mk:55: set di istruzioni per l'obiettivo "src/activation_functions.o" non riuscito
make: *** [src/activation_functions.o] Errore 1
15:55:41 **** Auto Build of configuration Debug for project cnn_cpp ****
make pre-build main-build 
a9-linaro-pre-build-step
 
Building file: ../src/activation_functions.cpp
Invoking: ARM v7 g++ compiler
arm-none-eabi-g++ -Wall -O0 -g3 -c -fmessage-length=0 -MT"src/activation_functions.o" -mcpu=cortex-a9 -mfpu=vfpv3 -mfloat-abi=hard -I../../cnn_bsp/ps7_cortexa9_0/include -MMD -MP -MF"src/activation_functions.d" -MT"src/activation_functions.o" -o "src/activation_functions.o" "../src/activation_functions.cpp"
../src/activation_functions.cpp: In function 'tensor activate(tensor, activation_t)':
../src/activation_functions.cpp:78:2: error: 'activated_tensors' was not declared in this scope
  activated_tensors.data = t.data[0] == 0x8100000 ? 0xC100000 : 0x8100000;
  ^~~~~~~~~~~~~~~~~
src/subdir.mk:55: set di istruzioni per l'obiettivo "src/activation_functions.o" non riuscito
make: *** [src/activation_functions.o] Errore 1
15:55:44 **** Auto Build of configuration Debug for project cnn_cpp ****
make pre-build main-build 
a9-linaro-pre-build-step
 
Building file: ../src/activation_functions.cpp
Invoking: ARM v7 g++ compiler
arm-none-eabi-g++ -Wall -O0 -g3 -c -fmessage-length=0 -MT"src/activation_functions.o" -mcpu=cortex-a9 -mfpu=vfpv3 -mfloat-abi=hard -I../../cnn_bsp/ps7_cortexa9_0/include -MMD -MP -MF"src/activation_functions.d" -MT"src/activation_functions.o" -o "src/activation_functions.o" "../src/activation_functions.cpp"
../src/activation_functions.cpp: In function 'tensor activate(tensor, activation_t)':
../src/activation_functions.cpp:78:2: error: 'activated_tensors' was not declared in this scope
  activated_tensors.data = t.data == 0x8100000 ? 0xC100000 : 0x8100000;
  ^~~~~~~~~~~~~~~~~
../src/activation_functions.cpp:78:37: error: ISO C++ forbids comparison between pointer and integer [-fpermissive]
  activated_tensors.data = t.data == 0x8100000 ? 0xC100000 : 0x8100000;
                                     ^~~~~~~~~
make: *** [src/activation_functions.o] Errore 1
src/subdir.mk:55: set di istruzioni per l'obiettivo "src/activation_functions.o" non riuscito
15:56:24 **** Auto Build of configuration Debug for project cnn_cpp ****
make pre-build main-build 
a9-linaro-pre-build-step
 
Building file: ../src/activation_functions.cpp
Invoking: ARM v7 g++ compiler
arm-none-eabi-g++ -Wall -O0 -g3 -c -fmessage-length=0 -MT"src/activation_functions.o" -mcpu=cortex-a9 -mfpu=vfpv3 -mfloat-abi=hard -I../../cnn_bsp/ps7_cortexa9_0/include -MMD -MP -MF"src/activation_functions.d" -MT"src/activation_functions.o" -o "src/activation_functions.o" "../src/activation_functions.cpp"
../src/activation_functions.cpp: In function 'tensor activate(tensor, activation_t)':
../src/activation_functions.cpp:78:2: error: 'activated_tensors' was not declared in this scope
  activated_tensors.data = &(t.data) == 0x8100000 ? 0xC100000 : 0x8100000;
  ^~~~~~~~~~~~~~~~~
../src/activation_functions.cpp:78:40: error: ISO C++ forbids comparison between pointer and integer [-fpermissive]
  activated_tensors.data = &(t.data) == 0x8100000 ? 0xC100000 : 0x8100000;
                                        ^~~~~~~~~
src/subdir.mk:55: set di istruzioni per l'obiettivo "src/activation_functions.o" non riuscito
make: *** [src/activation_functions.o] Errore 1
15:58:00 **** Auto Build of configuration Debug for project cnn_cpp ****
make pre-build main-build 
a9-linaro-pre-build-step
 
Building file: ../src/activation_functions.cpp
Invoking: ARM v7 g++ compiler
arm-none-eabi-g++ -Wall -O0 -g3 -c -fmessage-length=0 -MT"src/activation_functions.o" -mcpu=cortex-a9 -mfpu=vfpv3 -mfloat-abi=hard -I../../cnn_bsp/ps7_cortexa9_0/include -MMD -MP -MF"src/activation_functions.d" -MT"src/activation_functions.o" -o "src/activation_functions.o" "../src/activation_functions.cpp"
../src/activation_functions.cpp: In function 'tensor activate(tensor, activation_t)':
../src/activation_functions.cpp:78:39: error: ISO C++ forbids comparison between pointer and integer [-fpermissive]
  activated_tensor.data = &(t.data) == 0x8100000 ? 0xC100000 : 0x8100000;
                                       ^~~~~~~~~
../src/activation_functions.cpp:78:49: error: invalid conversion from 'int' to 'tensor_data_t* {aka float*}' [-fpermissive]
  activated_tensor.data = &(t.data) == 0x8100000 ? 0xC100000 : 0x8100000;
                          ~~~~~~~~~~~~~~~~~~~~~~~^~~~~~~~~~~~~~~~~~~~~~~
src/subdir.mk:55: set di istruzioni per l'obiettivo "src/activation_functions.o" non riuscito
make: *** [src/activation_functions.o] Errore 1
15:59:04 **** Auto Build of configuration Debug for project cnn_cpp ****
make pre-build main-build 
a9-linaro-pre-build-step
 
Building file: ../src/activation_functions.cpp
Invoking: ARM v7 g++ compiler
arm-none-eabi-g++ -Wall -O0 -g3 -c -fmessage-length=0 -MT"src/activation_functions.o" -mcpu=cortex-a9 -mfpu=vfpv3 -mfloat-abi=hard -I../../cnn_bsp/ps7_cortexa9_0/include -MMD -MP -MF"src/activation_functions.d" -MT"src/activation_functions.o" -o "src/activation_functions.o" "../src/activation_functions.cpp"
../src/activation_functions.cpp: In function 'tensor activate(tensor, activation_t)':
../src/activation_functions.cpp:83:39: error: ISO C++ forbids comparison between pointer and integer [-fpermissive]
  activated_tensor.data = &(t.data) == 0x8100000 ? 0xC100000 : 0x8100000;
                                       ^~~~~~~~~
../src/activation_functions.cpp:83:49: error: invalid conversion from 'int' to 'tensor_data_t* {aka float*}' [-fpermissive]
  activated_tensor.data = &(t.data) == 0x8100000 ? 0xC100000 : 0x8100000;
                          ~~~~~~~~~~~~~~~~~~~~~~~^~~~~~~~~~~~~~~~~~~~~~~
../src/activation_functions.cpp:79:17: warning: unused variable 'a' [-Wunused-variable]
  tensor_data_t *a = (tensor_data_t*)0x8100000;
                 ^
../src/activation_functions.cpp:80:17: warning: unused variable 'b' [-Wunused-variable]
  tensor_data_t *b = (tensor_data_t*)0xC100000;
                 ^
src/subdir.mk:55: set di istruzioni per l'obiettivo "src/activation_functions.o" non riuscito
make: *** [src/activation_functions.o] Errore 1
15:59:21 **** Auto Build of configuration Debug for project cnn_cpp ****
make pre-build main-build 
a9-linaro-pre-build-step
 
Building file: ../src/activation_functions.cpp
Invoking: ARM v7 g++ compiler
arm-none-eabi-g++ -Wall -O0 -g3 -c -fmessage-length=0 -MT"src/activation_functions.o" -mcpu=cortex-a9 -mfpu=vfpv3 -mfloat-abi=hard -I../../cnn_bsp/ps7_cortexa9_0/include -MMD -MP -MF"src/activation_functions.d" -MT"src/activation_functions.o" -o "src/activation_functions.o" "../src/activation_functions.cpp"
Finished building: ../src/activation_functions.cpp
 
Building target: cnn_cpp.elf
Invoking: ARM v7 g++ linker
arm-none-eabi-g++ -mcpu=cortex-a9 -mfpu=vfpv3 -mfloat-abi=hard -Wl,-build-id=none -specs=Xilinx.spec -Wl,-T -Wl,../src/lscript.ld -L../../cnn_bsp/ps7_cortexa9_0/lib -o "cnn_cpp.elf"  ./src/mxml/mxml-attr.o ./src/mxml/mxml-entity.o ./src/mxml/mxml-file.o ./src/mxml/mxml-get.o ./src/mxml/mxml-index.o ./src/mxml/mxml-node.o ./src/mxml/mxml-private.o ./src/mxml/mxml-search.o ./src/mxml/mxml-set.o ./src/mxml/mxml-string.o  ./src/activation_functions.o ./src/activation_module.o ./src/container_module.o ./src/convolutional_module.o ./src/fpga_utils.o ./src/helloworld.o ./src/module.o ./src/net_parser.o ./src/platform.o ./src/pool_module.o ./src/tensor.o   -Wl,--start-group,-lxil,-lgcc,-lc,-lstdc++,--end-group -Wl,--start-group,-lxilffs,-lxil,-lgcc,-lc,--end-group
Finished building target: cnn_cpp.elf
 
Invoking: ARM v7 Print Size
arm-none-eabi-size cnn_cpp.elf  |tee "cnn_cpp.elf.size"
   text	   data	    bss	    dec	    hex	filename
 259920	   3120	89139040	89402080	5542ae0	cnn_cpp.elf
Finished building: cnn_cpp.elf.size
 
15:59:25 **** Auto Build of configuration Debug for project cnn_cpp ****
make pre-build main-build 
a9-linaro-pre-build-step
 
Building file: ../src/activation_functions.cpp
Invoking: ARM v7 g++ compiler
arm-none-eabi-g++ -Wall -O0 -g3 -c -fmessage-length=0 -MT"src/activation_functions.o" -mcpu=cortex-a9 -mfpu=vfpv3 -mfloat-abi=hard -I../../cnn_bsp/ps7_cortexa9_0/include -MMD -MP -MF"src/activation_functions.d" -MT"src/activation_functions.o" -o "src/activation_functions.o" "../src/activation_functions.cpp"
Finished building: ../src/activation_functions.cpp
 
Building target: cnn_cpp.elf
Invoking: ARM v7 g++ linker
arm-none-eabi-g++ -mcpu=cortex-a9 -mfpu=vfpv3 -mfloat-abi=hard -Wl,-build-id=none -specs=Xilinx.spec -Wl,-T -Wl,../src/lscript.ld -L../../cnn_bsp/ps7_cortexa9_0/lib -o "cnn_cpp.elf"  ./src/mxml/mxml-attr.o ./src/mxml/mxml-entity.o ./src/mxml/mxml-file.o ./src/mxml/mxml-get.o ./src/mxml/mxml-index.o ./src/mxml/mxml-node.o ./src/mxml/mxml-private.o ./src/mxml/mxml-search.o ./src/mxml/mxml-set.o ./src/mxml/mxml-string.o  ./src/activation_functions.o ./src/activation_module.o ./src/container_module.o ./src/convolutional_module.o ./src/fpga_utils.o ./src/helloworld.o ./src/module.o ./src/net_parser.o ./src/platform.o ./src/pool_module.o ./src/tensor.o   -Wl,--start-group,-lxil,-lgcc,-lc,-lstdc++,--end-group -Wl,--start-group,-lxilffs,-lxil,-lgcc,-lc,--end-group
Finished building target: cnn_cpp.elf
 
Invoking: ARM v7 Print Size
arm-none-eabi-size cnn_cpp.elf  |tee "cnn_cpp.elf.size"
   text	   data	    bss	    dec	    hex	filename
 259920	   3120	89139040	89402080	5542ae0	cnn_cpp.elf
Finished building: cnn_cpp.elf.size
 
15:59:34 **** Incremental Build of configuration Debug for project cnn_cpp ****
make pre-build main-build 
a9-linaro-pre-build-step
 
make: Nessuna operazione da eseguire per "main-build".
16:01:04 **** Incremental Build of configuration Debug for project cnn_cpp ****
make pre-build main-build 
a9-linaro-pre-build-step
 
make: Nessuna operazione da eseguire per "main-build".
16:02:55 **** Incremental Build of configuration Debug for project cnn_cpp ****
make pre-build main-build 
a9-linaro-pre-build-step
 
make: Nessuna operazione da eseguire per "main-build".
16:04:18 **** Auto Build of configuration Debug for project cnn_cpp ****
make pre-build main-build 
a9-linaro-pre-build-step
 
Building file: ../src/convolutional_module.cpp
Invoking: ARM v7 g++ compiler
arm-none-eabi-g++ -Wall -O0 -g3 -c -fmessage-length=0 -MT"src/convolutional_module.o" -mcpu=cortex-a9 -mfpu=vfpv3 -mfloat-abi=hard -I../../cnn_bsp/ps7_cortexa9_0/include -MMD -MP -MF"src/convolutional_module.d" -MT"src/convolutional_module.o" -o "src/convolutional_module.o" "../src/convolutional_module.cpp"
../src/convolutional_module.cpp:157:8: warning: extra tokens at end of #endif directive [-Wendif-labels]
 #endif TEST
        ^~~~
Finished building: ../src/convolutional_module.cpp
 
Building target: cnn_cpp.elf
Invoking: ARM v7 g++ linker
arm-none-eabi-g++ -mcpu=cortex-a9 -mfpu=vfpv3 -mfloat-abi=hard -Wl,-build-id=none -specs=Xilinx.spec -Wl,-T -Wl,../src/lscript.ld -L../../cnn_bsp/ps7_cortexa9_0/lib -o "cnn_cpp.elf"  ./src/mxml/mxml-attr.o ./src/mxml/mxml-entity.o ./src/mxml/mxml-file.o ./src/mxml/mxml-get.o ./src/mxml/mxml-index.o ./src/mxml/mxml-node.o ./src/mxml/mxml-private.o ./src/mxml/mxml-search.o ./src/mxml/mxml-set.o ./src/mxml/mxml-string.o  ./src/activation_functions.o ./src/activation_module.o ./src/container_module.o ./src/convolutional_module.o ./src/fpga_utils.o ./src/helloworld.o ./src/module.o ./src/net_parser.o ./src/platform.o ./src/pool_module.o ./src/tensor.o   -Wl,--start-group,-lxil,-lgcc,-lc,-lstdc++,--end-group -Wl,--start-group,-lxilffs,-lxil,-lgcc,-lc,--end-group
Finished building target: cnn_cpp.elf
 
Invoking: ARM v7 Print Size
arm-none-eabi-size cnn_cpp.elf  |tee "cnn_cpp.elf.size"
   text	   data	    bss	    dec	    hex	filename
 259920	   3120	89139040	89402080	5542ae0	cnn_cpp.elf
Finished building: cnn_cpp.elf.size
 
16:04:23 **** Incremental Build of configuration Debug for project cnn_cpp ****
make pre-build main-build 
a9-linaro-pre-build-step
 
make: Nessuna operazione da eseguire per "main-build".
16:05:45 **** Incremental Build of configuration Debug for project cnn_cpp ****
make pre-build main-build 
a9-linaro-pre-build-step
 
make: Nessuna operazione da eseguire per "main-build".
16:08:40 **** Auto Build of configuration Debug for project cnn_cpp ****
make pre-build main-build 
a9-linaro-pre-build-step
 
Building file: ../src/activation_functions.cpp
Invoking: ARM v7 g++ compiler
arm-none-eabi-g++ -Wall -O0 -g3 -c -fmessage-length=0 -MT"src/activation_functions.o" -mcpu=cortex-a9 -mfpu=vfpv3 -mfloat-abi=hard -I../../cnn_bsp/ps7_cortexa9_0/include -MMD -MP -MF"src/activation_functions.d" -MT"src/activation_functions.o" -o "src/activation_functions.o" "../src/activation_functions.cpp"
Finished building: ../src/activation_functions.cpp
 
Building target: cnn_cpp.elf
Invoking: ARM v7 g++ linker
arm-none-eabi-g++ -mcpu=cortex-a9 -mfpu=vfpv3 -mfloat-abi=hard -Wl,-build-id=none -specs=Xilinx.spec -Wl,-T -Wl,../src/lscript.ld -L../../cnn_bsp/ps7_cortexa9_0/lib -o "cnn_cpp.elf"  ./src/mxml/mxml-attr.o ./src/mxml/mxml-entity.o ./src/mxml/mxml-file.o ./src/mxml/mxml-get.o ./src/mxml/mxml-index.o ./src/mxml/mxml-node.o ./src/mxml/mxml-private.o ./src/mxml/mxml-search.o ./src/mxml/mxml-set.o ./src/mxml/mxml-string.o  ./src/activation_functions.o ./src/activation_module.o ./src/container_module.o ./src/convolutional_module.o ./src/fpga_utils.o ./src/helloworld.o ./src/module.o ./src/net_parser.o ./src/platform.o ./src/pool_module.o ./src/tensor.o   -Wl,--start-group,-lxil,-lgcc,-lc,-lstdc++,--end-group -Wl,--start-group,-lxilffs,-lxil,-lgcc,-lc,--end-group
Finished building target: cnn_cpp.elf
 
Invoking: ARM v7 Print Size
arm-none-eabi-size cnn_cpp.elf  |tee "cnn_cpp.elf.size"
   text	   data	    bss	    dec	    hex	filename
 259920	   3120	89139040	89402080	5542ae0	cnn_cpp.elf
Finished building: cnn_cpp.elf.size
 
16:08:41 **** Incremental Build of configuration Debug for project cnn_cpp ****
make pre-build main-build 
a9-linaro-pre-build-step
 
make: Nessuna operazione da eseguire per "main-build".
16:09:48 **** Auto Build of configuration Debug for project cnn_cpp ****
make pre-build main-build 
a9-linaro-pre-build-step
 
Building file: ../src/convolutional_module.cpp
Invoking: ARM v7 g++ compiler
arm-none-eabi-g++ -Wall -O0 -g3 -c -fmessage-length=0 -MT"src/convolutional_module.o" -mcpu=cortex-a9 -mfpu=vfpv3 -mfloat-abi=hard -I../../cnn_bsp/ps7_cortexa9_0/include -MMD -MP -MF"src/convolutional_module.d" -MT"src/convolutional_module.o" -o "src/convolutional_module.o" "../src/convolutional_module.cpp"
../src/convolutional_module.cpp:157:8: warning: extra tokens at end of #endif directive [-Wendif-labels]
 #endif TEST
        ^~~~
Finished building: ../src/convolutional_module.cpp
 
Building target: cnn_cpp.elf
Invoking: ARM v7 g++ linker
arm-none-eabi-g++ -mcpu=cortex-a9 -mfpu=vfpv3 -mfloat-abi=hard -Wl,-build-id=none -specs=Xilinx.spec -Wl,-T -Wl,../src/lscript.ld -L../../cnn_bsp/ps7_cortexa9_0/lib -o "cnn_cpp.elf"  ./src/mxml/mxml-attr.o ./src/mxml/mxml-entity.o ./src/mxml/mxml-file.o ./src/mxml/mxml-get.o ./src/mxml/mxml-index.o ./src/mxml/mxml-node.o ./src/mxml/mxml-private.o ./src/mxml/mxml-search.o ./src/mxml/mxml-set.o ./src/mxml/mxml-string.o  ./src/activation_functions.o ./src/activation_module.o ./src/container_module.o ./src/convolutional_module.o ./src/fpga_utils.o ./src/helloworld.o ./src/module.o ./src/net_parser.o ./src/platform.o ./src/pool_module.o ./src/tensor.o   -Wl,--start-group,-lxil,-lgcc,-lc,-lstdc++,--end-group -Wl,--start-group,-lxilffs,-lxil,-lgcc,-lc,--end-group
Finished building target: cnn_cpp.elf
 
Invoking: ARM v7 Print Size
arm-none-eabi-size cnn_cpp.elf  |tee "cnn_cpp.elf.size"
   text	   data	    bss	    dec	    hex	filename
 259856	   3120	89139040	89402016	5542aa0	cnn_cpp.elf
Finished building: cnn_cpp.elf.size
 
16:11:15 **** Auto Build of configuration Debug for project cnn_cpp ****
make pre-build main-build 
a9-linaro-pre-build-step
 
Building file: ../src/activation_functions.cpp
Invoking: ARM v7 g++ compiler
arm-none-eabi-g++ -Wall -O0 -g3 -c -fmessage-length=0 -MT"src/activation_functions.o" -mcpu=cortex-a9 -mfpu=vfpv3 -mfloat-abi=hard -I../../cnn_bsp/ps7_cortexa9_0/include -MMD -MP -MF"src/activation_functions.d" -MT"src/activation_functions.o" -o "src/activation_functions.o" "../src/activation_functions.cpp"
../src/activation_functions.cpp: In function 'tensor activate(tensor, activation_t)':
../src/activation_functions.cpp:79:59: error: invalid conversion from 'void*' to 'tensor_data_t* {aka float*}' [-fpermissive]
  activated_tensor.data = t.data == __reserved_mem_1_start ? __reserved_mem_2_start : __reserved_mem_1_start;
                          ~~~~~~~~~~~~~~~~~~~~~~~~~~~~~~~~~^~~~~~~~~~~~~~~~~~~~~~~~~~~~~~~~~~~~~~~~~~~~~~~~~
make: *** [src/activation_functions.o] Errore 1
src/subdir.mk:55: set di istruzioni per l'obiettivo "src/activation_functions.o" non riuscito
16:11:38 **** Auto Build of configuration Debug for project cnn_cpp ****
make pre-build main-build 
a9-linaro-pre-build-step
 
Building file: ../src/activation_functions.cpp
Invoking: ARM v7 g++ compiler
arm-none-eabi-g++ -Wall -O0 -g3 -c -fmessage-length=0 -MT"src/activation_functions.o" -mcpu=cortex-a9 -mfpu=vfpv3 -mfloat-abi=hard -I../../cnn_bsp/ps7_cortexa9_0/include -MMD -MP -MF"src/activation_functions.d" -MT"src/activation_functions.o" -o "src/activation_functions.o" "../src/activation_functions.cpp"
../src/activation_functions.cpp: In function 'tensor activate(tensor, activation_t)':
../src/activation_functions.cpp:79:51: error: expected primary-expression before '*' token
  activated_tensor.data = t.data == _(tensor_data_t*)_reserved_mem_1_start ? __reserved_mem_2_start : __reserved_mem_1_start;
                                                   ^
../src/activation_functions.cpp:79:52: error: expected primary-expression before ')' token
  activated_tensor.data = t.data == _(tensor_data_t*)_reserved_mem_1_start ? __reserved_mem_2_start : __reserved_mem_1_start;
                                                    ^
../src/activation_functions.cpp:79:52: error: '_' was not declared in this scope
src/subdir.mk:55: set di istruzioni per l'obiettivo "src/activation_functions.o" non riuscito
make: *** [src/activation_functions.o] Errore 1
16:12:00 **** Auto Build of configuration Debug for project cnn_cpp ****
make pre-build main-build 
a9-linaro-pre-build-step
 
Building file: ../src/activation_functions.cpp
Invoking: ARM v7 g++ compiler
arm-none-eabi-g++ -Wall -O0 -g3 -c -fmessage-length=0 -MT"src/activation_functions.o" -mcpu=cortex-a9 -mfpu=vfpv3 -mfloat-abi=hard -I../../cnn_bsp/ps7_cortexa9_0/include -MMD -MP -MF"src/activation_functions.d" -MT"src/activation_functions.o" -o "src/activation_functions.o" "../src/activation_functions.cpp"
../src/activation_functions.cpp: In function 'tensor activate(tensor, activation_t)':
../src/activation_functions.cpp:79:51: error: expected primary-expression before '*' token
  activated_tensor.data = t.data == _(tensor_data_t*)_reserved_mem_1_start ? (tensor_data_t*)__reserved_mem_2_start :(tensor_data_t*) __reserved_mem_1_start;
                                                   ^
../src/activation_functions.cpp:79:52: error: expected primary-expression before ')' token
  activated_tensor.data = t.data == _(tensor_data_t*)_reserved_mem_1_start ? (tensor_data_t*)__reserved_mem_2_start :(tensor_data_t*) __reserved_mem_1_start;
                                                    ^
../src/activation_functions.cpp:79:52: error: '_' was not declared in this scope
src/subdir.mk:55: set di istruzioni per l'obiettivo "src/activation_functions.o" non riuscito
make: *** [src/activation_functions.o] Errore 1
16:12:21 **** Auto Build of configuration Debug for project cnn_cpp ****
make pre-build main-build 
a9-linaro-pre-build-step
 
Building file: ../src/activation_functions.cpp
Invoking: ARM v7 g++ compiler
arm-none-eabi-g++ -Wall -O0 -g3 -c -fmessage-length=0 -MT"src/activation_functions.o" -mcpu=cortex-a9 -mfpu=vfpv3 -mfloat-abi=hard -I../../cnn_bsp/ps7_cortexa9_0/include -MMD -MP -MF"src/activation_functions.d" -MT"src/activation_functions.o" -o "src/activation_functions.o" "../src/activation_functions.cpp"
Finished building: ../src/activation_functions.cpp
 
Building target: cnn_cpp.elf
Invoking: ARM v7 g++ linker
arm-none-eabi-g++ -mcpu=cortex-a9 -mfpu=vfpv3 -mfloat-abi=hard -Wl,-build-id=none -specs=Xilinx.spec -Wl,-T -Wl,../src/lscript.ld -L../../cnn_bsp/ps7_cortexa9_0/lib -o "cnn_cpp.elf"  ./src/mxml/mxml-attr.o ./src/mxml/mxml-entity.o ./src/mxml/mxml-file.o ./src/mxml/mxml-get.o ./src/mxml/mxml-index.o ./src/mxml/mxml-node.o ./src/mxml/mxml-private.o ./src/mxml/mxml-search.o ./src/mxml/mxml-set.o ./src/mxml/mxml-string.o  ./src/activation_functions.o ./src/activation_module.o ./src/container_module.o ./src/convolutional_module.o ./src/fpga_utils.o ./src/helloworld.o ./src/module.o ./src/net_parser.o ./src/platform.o ./src/pool_module.o ./src/tensor.o   -Wl,--start-group,-lxil,-lgcc,-lc,-lstdc++,--end-group -Wl,--start-group,-lxilffs,-lxil,-lgcc,-lc,--end-group
Finished building target: cnn_cpp.elf
 
Invoking: ARM v7 Print Size
arm-none-eabi-size cnn_cpp.elf  |tee "cnn_cpp.elf.size"
   text	   data	    bss	    dec	    hex	filename
 259856	   3120	89139040	89402016	5542aa0	cnn_cpp.elf
Finished building: cnn_cpp.elf.size
 
16:12:25 **** Auto Build of configuration Debug for project cnn_cpp ****
make pre-build main-build 
a9-linaro-pre-build-step
 
Building file: ../src/activation_functions.cpp
Invoking: ARM v7 g++ compiler
arm-none-eabi-g++ -Wall -O0 -g3 -c -fmessage-length=0 -MT"src/activation_functions.o" -mcpu=cortex-a9 -mfpu=vfpv3 -mfloat-abi=hard -I../../cnn_bsp/ps7_cortexa9_0/include -MMD -MP -MF"src/activation_functions.d" -MT"src/activation_functions.o" -o "src/activation_functions.o" "../src/activation_functions.cpp"
Finished building: ../src/activation_functions.cpp
 
Building target: cnn_cpp.elf
Invoking: ARM v7 g++ linker
arm-none-eabi-g++ -mcpu=cortex-a9 -mfpu=vfpv3 -mfloat-abi=hard -Wl,-build-id=none -specs=Xilinx.spec -Wl,-T -Wl,../src/lscript.ld -L../../cnn_bsp/ps7_cortexa9_0/lib -o "cnn_cpp.elf"  ./src/mxml/mxml-attr.o ./src/mxml/mxml-entity.o ./src/mxml/mxml-file.o ./src/mxml/mxml-get.o ./src/mxml/mxml-index.o ./src/mxml/mxml-node.o ./src/mxml/mxml-private.o ./src/mxml/mxml-search.o ./src/mxml/mxml-set.o ./src/mxml/mxml-string.o  ./src/activation_functions.o ./src/activation_module.o ./src/container_module.o ./src/convolutional_module.o ./src/fpga_utils.o ./src/helloworld.o ./src/module.o ./src/net_parser.o ./src/platform.o ./src/pool_module.o ./src/tensor.o   -Wl,--start-group,-lxil,-lgcc,-lc,-lstdc++,--end-group -Wl,--start-group,-lxilffs,-lxil,-lgcc,-lc,--end-group
Finished building target: cnn_cpp.elf
 
Invoking: ARM v7 Print Size
arm-none-eabi-size cnn_cpp.elf  |tee "cnn_cpp.elf.size"
   text	   data	    bss	    dec	    hex	filename
 259856	   3120	89139040	89402016	5542aa0	cnn_cpp.elf
Finished building: cnn_cpp.elf.size
 
16:12:36 **** Incremental Build of configuration Debug for project cnn_cpp ****
make pre-build main-build 
a9-linaro-pre-build-step
 
make: Nessuna operazione da eseguire per "main-build".
16:14:13 **** Auto Build of configuration Debug for project cnn_cpp ****
make pre-build main-build 
a9-linaro-pre-build-step
 
Building file: ../src/convolutional_module.cpp
Invoking: ARM v7 g++ compiler
arm-none-eabi-g++ -Wall -O0 -g3 -c -fmessage-length=0 -MT"src/convolutional_module.o" -mcpu=cortex-a9 -mfpu=vfpv3 -mfloat-abi=hard -I../../cnn_bsp/ps7_cortexa9_0/include -MMD -MP -MF"src/convolutional_module.d" -MT"src/convolutional_module.o" -o "src/convolutional_module.o" "../src/convolutional_module.cpp"
../src/convolutional_module.cpp:160:8: warning: extra tokens at end of #endif directive [-Wendif-labels]
 #endif TEST
        ^~~~
../src/convolutional_module.cpp: In function 'void forward_convolutional_mod(module*)':
../src/convolutional_module.cpp:106:27: error: request for member 'data' in 'cm->module::input', which is of pointer type 'tensor*' (maybe you meant to use '->' ?)
  out_vol.data = cm->input.data == (tensor_data_t*)__reserved_mem_1_start ?
                           ^~~~
../src/convolutional_module.cpp: At global scope:
../src/convolutional_module.cpp:18:13: warning: 'mem_selector' defined but not used [-Wunused-variable]
 static bool mem_selector = false;
             ^~~~~~~~~~~~
src/subdir.mk:55: set di istruzioni per l'obiettivo "src/convolutional_module.o" non riuscito
make: *** [src/convolutional_module.o] Errore 1
16:14:27 **** Auto Build of configuration Debug for project cnn_cpp ****
make pre-build main-build 
a9-linaro-pre-build-step
 
Building file: ../src/convolutional_module.cpp
Invoking: ARM v7 g++ compiler
arm-none-eabi-g++ -Wall -O0 -g3 -c -fmessage-length=0 -MT"src/convolutional_module.o" -mcpu=cortex-a9 -mfpu=vfpv3 -mfloat-abi=hard -I../../cnn_bsp/ps7_cortexa9_0/include -MMD -MP -MF"src/convolutional_module.d" -MT"src/convolutional_module.o" -o "src/convolutional_module.o" "../src/convolutional_module.cpp"
../src/convolutional_module.cpp:160:8: warning: extra tokens at end of #endif directive [-Wendif-labels]
 #endif TEST
        ^~~~
../src/convolutional_module.cpp:18:13: warning: 'mem_selector' defined but not used [-Wunused-variable]
 static bool mem_selector = false;
             ^~~~~~~~~~~~
Finished building: ../src/convolutional_module.cpp
 
Building target: cnn_cpp.elf
Invoking: ARM v7 g++ linker
arm-none-eabi-g++ -mcpu=cortex-a9 -mfpu=vfpv3 -mfloat-abi=hard -Wl,-build-id=none -specs=Xilinx.spec -Wl,-T -Wl,../src/lscript.ld -L../../cnn_bsp/ps7_cortexa9_0/lib -o "cnn_cpp.elf"  ./src/mxml/mxml-attr.o ./src/mxml/mxml-entity.o ./src/mxml/mxml-file.o ./src/mxml/mxml-get.o ./src/mxml/mxml-index.o ./src/mxml/mxml-node.o ./src/mxml/mxml-private.o ./src/mxml/mxml-search.o ./src/mxml/mxml-set.o ./src/mxml/mxml-string.o  ./src/activation_functions.o ./src/activation_module.o ./src/container_module.o ./src/convolutional_module.o ./src/fpga_utils.o ./src/helloworld.o ./src/module.o ./src/net_parser.o ./src/platform.o ./src/pool_module.o ./src/tensor.o   -Wl,--start-group,-lxil,-lgcc,-lc,-lstdc++,--end-group -Wl,--start-group,-lxilffs,-lxil,-lgcc,-lc,--end-group
Finished building target: cnn_cpp.elf
 
Invoking: ARM v7 Print Size
arm-none-eabi-size cnn_cpp.elf  |tee "cnn_cpp.elf.size"
   text	   data	    bss	    dec	    hex	filename
 259792	   3120	89139040	89401952	5542a60	cnn_cpp.elf
Finished building: cnn_cpp.elf.size
 
16:14:35 **** Incremental Build of configuration Debug for project cnn_cpp ****
make pre-build main-build 
a9-linaro-pre-build-step
 
make: Nessuna operazione da eseguire per "main-build".
16:15:30 **** Incremental Build of configuration Debug for project cnn_cpp ****
make pre-build main-build 
a9-linaro-pre-build-step
 
make: Nessuna operazione da eseguire per "main-build".
16:17:31 **** Auto Build of configuration Debug for project cnn_cpp ****
make pre-build main-build 
a9-linaro-pre-build-step
 
Building file: ../src/convolutional_module.cpp
Invoking: ARM v7 g++ compiler
arm-none-eabi-g++ -Wall -O0 -g3 -c -fmessage-length=0 -MT"src/convolutional_module.o" -mcpu=cortex-a9 -mfpu=vfpv3 -mfloat-abi=hard -I../../cnn_bsp/ps7_cortexa9_0/include -MMD -MP -MF"src/convolutional_module.d" -MT"src/convolutional_module.o" -o "src/convolutional_module.o" "../src/convolutional_module.cpp"
../src/convolutional_module.cpp:162:8: warning: extra tokens at end of #endif directive [-Wendif-labels]
 #endif TEST
        ^~~~
../src/convolutional_module.cpp:18:13: warning: 'mem_selector' defined but not used [-Wunused-variable]
 static bool mem_selector = false;
             ^~~~~~~~~~~~
Finished building: ../src/convolutional_module.cpp
 
Building target: cnn_cpp.elf
Invoking: ARM v7 g++ linker
arm-none-eabi-g++ -mcpu=cortex-a9 -mfpu=vfpv3 -mfloat-abi=hard -Wl,-build-id=none -specs=Xilinx.spec -Wl,-T -Wl,../src/lscript.ld -L../../cnn_bsp/ps7_cortexa9_0/lib -o "cnn_cpp.elf"  ./src/mxml/mxml-attr.o ./src/mxml/mxml-entity.o ./src/mxml/mxml-file.o ./src/mxml/mxml-get.o ./src/mxml/mxml-index.o ./src/mxml/mxml-node.o ./src/mxml/mxml-private.o ./src/mxml/mxml-search.o ./src/mxml/mxml-set.o ./src/mxml/mxml-string.o  ./src/activation_functions.o ./src/activation_module.o ./src/container_module.o ./src/convolutional_module.o ./src/fpga_utils.o ./src/helloworld.o ./src/module.o ./src/net_parser.o ./src/platform.o ./src/pool_module.o ./src/tensor.o   -Wl,--start-group,-lxil,-lgcc,-lc,-lstdc++,--end-group -Wl,--start-group,-lxilffs,-lxil,-lgcc,-lc,--end-group
Finished building target: cnn_cpp.elf
 
Invoking: ARM v7 Print Size
arm-none-eabi-size cnn_cpp.elf  |tee "cnn_cpp.elf.size"
   text	   data	    bss	    dec	    hex	filename
 259856	   3120	89139040	89402016	5542aa0	cnn_cpp.elf
Finished building: cnn_cpp.elf.size
 
16:17:40 **** Incremental Build of configuration Debug for project cnn_cpp ****
make pre-build main-build 
a9-linaro-pre-build-step
 
make: Nessuna operazione da eseguire per "main-build".
16:18:08 **** Auto Build of configuration Debug for project cnn_cpp ****
make pre-build main-build 
a9-linaro-pre-build-step
 
Building file: ../src/convolutional_module.cpp
Invoking: ARM v7 g++ compiler
arm-none-eabi-g++ -Wall -O0 -g3 -c -fmessage-length=0 -MT"src/convolutional_module.o" -mcpu=cortex-a9 -mfpu=vfpv3 -mfloat-abi=hard -I../../cnn_bsp/ps7_cortexa9_0/include -MMD -MP -MF"src/convolutional_module.d" -MT"src/convolutional_module.o" -o "src/convolutional_module.o" "../src/convolutional_module.cpp"
../src/convolutional_module.cpp:162:8: warning: extra tokens at end of #endif directive [-Wendif-labels]
 #endif TEST
        ^~~~
../src/convolutional_module.cpp:18:13: warning: 'mem_selector' defined but not used [-Wunused-variable]
 static bool mem_selector = false;
             ^~~~~~~~~~~~
Finished building: ../src/convolutional_module.cpp
 
Building target: cnn_cpp.elf
Invoking: ARM v7 g++ linker
arm-none-eabi-g++ -mcpu=cortex-a9 -mfpu=vfpv3 -mfloat-abi=hard -Wl,-build-id=none -specs=Xilinx.spec -Wl,-T -Wl,../src/lscript.ld -L../../cnn_bsp/ps7_cortexa9_0/lib -o "cnn_cpp.elf"  ./src/mxml/mxml-attr.o ./src/mxml/mxml-entity.o ./src/mxml/mxml-file.o ./src/mxml/mxml-get.o ./src/mxml/mxml-index.o ./src/mxml/mxml-node.o ./src/mxml/mxml-private.o ./src/mxml/mxml-search.o ./src/mxml/mxml-set.o ./src/mxml/mxml-string.o  ./src/activation_functions.o ./src/activation_module.o ./src/container_module.o ./src/convolutional_module.o ./src/fpga_utils.o ./src/helloworld.o ./src/module.o ./src/net_parser.o ./src/platform.o ./src/pool_module.o ./src/tensor.o   -Wl,--start-group,-lxil,-lgcc,-lc,-lstdc++,--end-group -Wl,--start-group,-lxilffs,-lxil,-lgcc,-lc,--end-group
Finished building target: cnn_cpp.elf
 
Invoking: ARM v7 Print Size
arm-none-eabi-size cnn_cpp.elf  |tee "cnn_cpp.elf.size"
   text	   data	    bss	    dec	    hex	filename
 259792	   3120	89139040	89401952	5542a60	cnn_cpp.elf
Finished building: cnn_cpp.elf.size
 
16:18:10 **** Incremental Build of configuration Debug for project cnn_cpp ****
make pre-build main-build 
a9-linaro-pre-build-step
 
make: Nessuna operazione da eseguire per "main-build".
16:20:20 **** Auto Build of configuration Debug for project cnn_cpp ****
make pre-build main-build 
a9-linaro-pre-build-step
 
Building file: ../src/activation_functions.cpp
Invoking: ARM v7 g++ compiler
arm-none-eabi-g++ -Wall -O0 -g3 -c -fmessage-length=0 -MT"src/activation_functions.o" -mcpu=cortex-a9 -mfpu=vfpv3 -mfloat-abi=hard -I../../cnn_bsp/ps7_cortexa9_0/include -MMD -MP -MF"src/activation_functions.d" -MT"src/activation_functions.o" -o "src/activation_functions.o" "../src/activation_functions.cpp"
Finished building: ../src/activation_functions.cpp
 
Building target: cnn_cpp.elf
Invoking: ARM v7 g++ linker
arm-none-eabi-g++ -mcpu=cortex-a9 -mfpu=vfpv3 -mfloat-abi=hard -Wl,-build-id=none -specs=Xilinx.spec -Wl,-T -Wl,../src/lscript.ld -L../../cnn_bsp/ps7_cortexa9_0/lib -o "cnn_cpp.elf"  ./src/mxml/mxml-attr.o ./src/mxml/mxml-entity.o ./src/mxml/mxml-file.o ./src/mxml/mxml-get.o ./src/mxml/mxml-index.o ./src/mxml/mxml-node.o ./src/mxml/mxml-private.o ./src/mxml/mxml-search.o ./src/mxml/mxml-set.o ./src/mxml/mxml-string.o  ./src/activation_functions.o ./src/activation_module.o ./src/container_module.o ./src/convolutional_module.o ./src/fpga_utils.o ./src/helloworld.o ./src/module.o ./src/net_parser.o ./src/platform.o ./src/pool_module.o ./src/tensor.o   -Wl,--start-group,-lxil,-lgcc,-lc,-lstdc++,--end-group -Wl,--start-group,-lxilffs,-lxil,-lgcc,-lc,--end-group
Finished building target: cnn_cpp.elf
 
Invoking: ARM v7 Print Size
arm-none-eabi-size cnn_cpp.elf  |tee "cnn_cpp.elf.size"
   text	   data	    bss	    dec	    hex	filename
 259792	   3120	89139040	89401952	5542a60	cnn_cpp.elf
Finished building: cnn_cpp.elf.size
 
16:20:24 **** Incremental Build of configuration Debug for project cnn_cpp ****
make pre-build main-build 
a9-linaro-pre-build-step
 
make: Nessuna operazione da eseguire per "main-build".
16:22:16 **** Incremental Build of configuration Debug for project cnn_cpp ****
make pre-build main-build 
a9-linaro-pre-build-step
 
make: Nessuna operazione da eseguire per "main-build".
16:26:28 **** Auto Build of configuration Debug for project cnn_cpp ****
make pre-build main-build 
a9-linaro-pre-build-step
 
Building file: ../src/convolutional_module.cpp
Invoking: ARM v7 g++ compiler
arm-none-eabi-g++ -Wall -O0 -g3 -c -fmessage-length=0 -MT"src/convolutional_module.o" -mcpu=cortex-a9 -mfpu=vfpv3 -mfloat-abi=hard -I../../cnn_bsp/ps7_cortexa9_0/include -MMD -MP -MF"src/convolutional_module.d" -MT"src/convolutional_module.o" -o "src/convolutional_module.o" "../src/convolutional_module.cpp"
../src/convolutional_module.cpp:162:8: warning: extra tokens at end of #endif directive [-Wendif-labels]
 #endif TEST
        ^~~~
../src/convolutional_module.cpp:18:13: warning: 'mem_selector' defined but not used [-Wunused-variable]
 static bool mem_selector = false;
             ^~~~~~~~~~~~
Finished building: ../src/convolutional_module.cpp
 
Building target: cnn_cpp.elf
Invoking: ARM v7 g++ linker
arm-none-eabi-g++ -mcpu=cortex-a9 -mfpu=vfpv3 -mfloat-abi=hard -Wl,-build-id=none -specs=Xilinx.spec -Wl,-T -Wl,../src/lscript.ld -L../../cnn_bsp/ps7_cortexa9_0/lib -o "cnn_cpp.elf"  ./src/mxml/mxml-attr.o ./src/mxml/mxml-entity.o ./src/mxml/mxml-file.o ./src/mxml/mxml-get.o ./src/mxml/mxml-index.o ./src/mxml/mxml-node.o ./src/mxml/mxml-private.o ./src/mxml/mxml-search.o ./src/mxml/mxml-set.o ./src/mxml/mxml-string.o  ./src/activation_functions.o ./src/activation_module.o ./src/container_module.o ./src/convolutional_module.o ./src/fpga_utils.o ./src/helloworld.o ./src/module.o ./src/net_parser.o ./src/platform.o ./src/pool_module.o ./src/tensor.o   -Wl,--start-group,-lxil,-lgcc,-lc,-lstdc++,--end-group -Wl,--start-group,-lxilffs,-lxil,-lgcc,-lc,--end-group
Finished building target: cnn_cpp.elf
 
Invoking: ARM v7 Print Size
arm-none-eabi-size cnn_cpp.elf  |tee "cnn_cpp.elf.size"
   text	   data	    bss	    dec	    hex	filename
 259480	   3120	89139040	89401640	5542928	cnn_cpp.elf
Finished building: cnn_cpp.elf.size
 
16:26:39 **** Incremental Build of configuration Debug for project cnn_cpp ****
make pre-build main-build 
a9-linaro-pre-build-step
 
make: Nessuna operazione da eseguire per "main-build".
18:21:41 **** Auto Build of configuration Debug for project cnn_cpp ****
make pre-build main-build 
a9-linaro-pre-build-step
 
Building file: ../src/helloworld.cpp
Invoking: ARM v7 g++ compiler
arm-none-eabi-g++ -Wall -O0 -g3 -c -fmessage-length=0 -MT"src/helloworld.o" -mcpu=cortex-a9 -mfpu=vfpv3 -mfloat-abi=hard -I../../cnn_bsp/ps7_cortexa9_0/include -MMD -MP -MF"src/helloworld.d" -MT"src/helloworld.o" -o "src/helloworld.o" "../src/helloworld.cpp"
../src/helloworld.cpp: In function 'int load_files_from_sdcard(FILE**, FILE**)':
../src/helloworld.cpp:134:16: warning: ISO C++ forbids converting a string constant to 'TCHAR* {aka char*}' [-Wwrite-strings]
  TCHAR *Path = "0:/";
                ^~~~~
../src/helloworld.cpp: In function 'void test_system_5()':
../src/helloworld.cpp:264:14: warning: variable 'fscanf_ret_val' set but not used [-Wunused-but-set-variable]
  int in_len, fscanf_ret_val;
              ^~~~~~~~~~~~~~
Finished building: ../src/helloworld.cpp
 
Building target: cnn_cpp.elf
Invoking: ARM v7 g++ linker
arm-none-eabi-g++ -mcpu=cortex-a9 -mfpu=vfpv3 -mfloat-abi=hard -Wl,-build-id=none -specs=Xilinx.spec -Wl,-T -Wl,../src/lscript.ld -L../../cnn_bsp/ps7_cortexa9_0/lib -o "cnn_cpp.elf"  ./src/mxml/mxml-attr.o ./src/mxml/mxml-entity.o ./src/mxml/mxml-file.o ./src/mxml/mxml-get.o ./src/mxml/mxml-index.o ./src/mxml/mxml-node.o ./src/mxml/mxml-private.o ./src/mxml/mxml-search.o ./src/mxml/mxml-set.o ./src/mxml/mxml-string.o  ./src/activation_functions.o ./src/activation_module.o ./src/container_module.o ./src/convolutional_module.o ./src/fpga_utils.o ./src/helloworld.o ./src/module.o ./src/net_parser.o ./src/platform.o ./src/pool_module.o ./src/tensor.o   -Wl,--start-group,-lxil,-lgcc,-lc,-lstdc++,--end-group -Wl,--start-group,-lxilffs,-lxil,-lgcc,-lc,--end-group
Finished building target: cnn_cpp.elf
 
Invoking: ARM v7 Print Size
arm-none-eabi-size cnn_cpp.elf  |tee "cnn_cpp.elf.size"
   text	   data	    bss	    dec	    hex	filename
 259480	   3120	89139040	89401640	5542928	cnn_cpp.elf
Finished building: cnn_cpp.elf.size
 
18:23:49 **** Auto Build of configuration Debug for project cnn_cpp ****
make pre-build main-build 
a9-linaro-pre-build-step
 
Building file: ../src/helloworld.cpp
Invoking: ARM v7 g++ compiler
arm-none-eabi-g++ -Wall -O0 -g3 -c -fmessage-length=0 -MT"src/helloworld.o" -mcpu=cortex-a9 -mfpu=vfpv3 -mfloat-abi=hard -I../../cnn_bsp/ps7_cortexa9_0/include -MMD -MP -MF"src/helloworld.d" -MT"src/helloworld.o" -o "src/helloworld.o" "../src/helloworld.cpp"
../src/helloworld.cpp: In function 'int load_files_from_sdcard(FILE**, FILE**)':
../src/helloworld.cpp:134:16: warning: ISO C++ forbids converting a string constant to 'TCHAR* {aka char*}' [-Wwrite-strings]
  TCHAR *Path = "0:/";
                ^~~~~
../src/helloworld.cpp: In function 'void test_system_5()':
../src/helloworld.cpp:264:14: warning: variable 'fscanf_ret_val' set but not used [-Wunused-but-set-variable]
  int in_len, fscanf_ret_val;
              ^~~~~~~~~~~~~~
Finished building: ../src/helloworld.cpp
 
Building target: cnn_cpp.elf
Invoking: ARM v7 g++ linker
arm-none-eabi-g++ -mcpu=cortex-a9 -mfpu=vfpv3 -mfloat-abi=hard -Wl,-build-id=none -specs=Xilinx.spec -Wl,-T -Wl,../src/lscript.ld -L../../cnn_bsp/ps7_cortexa9_0/lib -o "cnn_cpp.elf"  ./src/mxml/mxml-attr.o ./src/mxml/mxml-entity.o ./src/mxml/mxml-file.o ./src/mxml/mxml-get.o ./src/mxml/mxml-index.o ./src/mxml/mxml-node.o ./src/mxml/mxml-private.o ./src/mxml/mxml-search.o ./src/mxml/mxml-set.o ./src/mxml/mxml-string.o  ./src/activation_functions.o ./src/activation_module.o ./src/container_module.o ./src/convolutional_module.o ./src/fpga_utils.o ./src/helloworld.o ./src/module.o ./src/net_parser.o ./src/platform.o ./src/pool_module.o ./src/tensor.o   -Wl,--start-group,-lxil,-lgcc,-lc,-lstdc++,--end-group -Wl,--start-group,-lxilffs,-lxil,-lgcc,-lc,--end-group
Finished building target: cnn_cpp.elf
 
Invoking: ARM v7 Print Size
arm-none-eabi-size cnn_cpp.elf  |tee "cnn_cpp.elf.size"
   text	   data	    bss	    dec	    hex	filename
 259544	   3120	89139040	89401704	5542968	cnn_cpp.elf
Finished building: cnn_cpp.elf.size
 
18:24:25 **** Auto Build of configuration Debug for project cnn_cpp ****
make pre-build main-build 
a9-linaro-pre-build-step
 
Building file: ../src/helloworld.cpp
Invoking: ARM v7 g++ compiler
arm-none-eabi-g++ -Wall -O0 -g3 -c -fmessage-length=0 -MT"src/helloworld.o" -mcpu=cortex-a9 -mfpu=vfpv3 -mfloat-abi=hard -I../../cnn_bsp/ps7_cortexa9_0/include -MMD -MP -MF"src/helloworld.d" -MT"src/helloworld.o" -o "src/helloworld.o" "../src/helloworld.cpp"
../src/helloworld.cpp: In function 'int load_files_from_sdcard(FILE**, FILE**)':
../src/helloworld.cpp:134:16: warning: ISO C++ forbids converting a string constant to 'TCHAR* {aka char*}' [-Wwrite-strings]
  TCHAR *Path = "0:/";
                ^~~~~
../src/helloworld.cpp: In function 'void test_system_5()':
../src/helloworld.cpp:264:14: warning: variable 'fscanf_ret_val' set but not used [-Wunused-but-set-variable]
  int in_len, fscanf_ret_val;
              ^~~~~~~~~~~~~~
Finished building: ../src/helloworld.cpp
 
Building target: cnn_cpp.elf
Invoking: ARM v7 g++ linker
arm-none-eabi-g++ -mcpu=cortex-a9 -mfpu=vfpv3 -mfloat-abi=hard -Wl,-build-id=none -specs=Xilinx.spec -Wl,-T -Wl,../src/lscript.ld -L../../cnn_bsp/ps7_cortexa9_0/lib -o "cnn_cpp.elf"  ./src/mxml/mxml-attr.o ./src/mxml/mxml-entity.o ./src/mxml/mxml-file.o ./src/mxml/mxml-get.o ./src/mxml/mxml-index.o ./src/mxml/mxml-node.o ./src/mxml/mxml-private.o ./src/mxml/mxml-search.o ./src/mxml/mxml-set.o ./src/mxml/mxml-string.o  ./src/activation_functions.o ./src/activation_module.o ./src/container_module.o ./src/convolutional_module.o ./src/fpga_utils.o ./src/helloworld.o ./src/module.o ./src/net_parser.o ./src/platform.o ./src/pool_module.o ./src/tensor.o   -Wl,--start-group,-lxil,-lgcc,-lc,-lstdc++,--end-group -Wl,--start-group,-lxilffs,-lxil,-lgcc,-lc,--end-group
Finished building target: cnn_cpp.elf
 
Invoking: ARM v7 Print Size
arm-none-eabi-size cnn_cpp.elf  |tee "cnn_cpp.elf.size"
   text	   data	    bss	    dec	    hex	filename
 259544	   3120	89139040	89401704	5542968	cnn_cpp.elf
Finished building: cnn_cpp.elf.size
 
18:24:29 **** Incremental Build of configuration Debug for project cnn_cpp ****
make pre-build main-build 
a9-linaro-pre-build-step
 
make: Nessuna operazione da eseguire per "main-build".
19:50:20 **** Incremental Build of configuration Debug for project cnn_cpp ****
make pre-build main-build 
a9-linaro-pre-build-step
 
make: Nessuna operazione da eseguire per "main-build".
19:51:15 **** Incremental Build of configuration Debug for project cnn_cpp ****
make pre-build main-build 
a9-linaro-pre-build-step
 
make: Nessuna operazione da eseguire per "main-build".
[...]
  tensor padded = init_tensor(src.d, (src.w + 2*pad_w), (src.h + 2*pad_h), 0);
                                                ^~~~~
../src/convolutional_module.cpp:88:67: error: 'pad_h' was not declared in this scope
  tensor padded = init_tensor(src.d, (src.w + 2*pad_w), (src.h + 2*pad_h), 0);
                                                                   ^~~~~
../src/convolutional_module.cpp:90:6: warning: unused variable 'dst_w' [-Wunused-variable]
  int dst_w = cm->input->w + 2 * cm->pad_w;
      ^~~~~
../src/convolutional_module.cpp:91:6: warning: unused variable 'dst_h' [-Wunused-variable]
  int dst_h = cm->input->h + 2 * cm->pad_h;
      ^~~~~
src/subdir.mk:55: set di istruzioni per l'obiettivo "src/convolutional_module.o" non riuscito
make: *** [src/convolutional_module.o] Errore 1
11:18:32 **** Auto Build of configuration Debug for project cnn_cpp ****
make pre-build main-build 
a9-linaro-pre-build-step
 
Building file: ../src/convolutional_module.cpp
Invoking: ARM v7 g++ compiler
arm-none-eabi-g++ -Wall -O0 -g3 -c -fmessage-length=0 -MT"src/convolutional_module.o" -mcpu=cortex-a9 -mfpu=vfpv3 -mfloat-abi=hard -I../../cnn_bsp/ps7_cortexa9_0/include -MMD -MP -MF"src/convolutional_module.d" -MT"src/convolutional_module.o" -o "src/convolutional_module.o" "../src/convolutional_module.cpp"
Finished building: ../src/convolutional_module.cpp
 
Building target: cnn_cpp.elf
Invoking: ARM v7 g++ linker
arm-none-eabi-g++ -mcpu=cortex-a9 -mfpu=vfpv3 -mfloat-abi=hard -Wl,-build-id=none -specs=Xilinx.spec -Wl,-T -Wl,../src/lscript.ld -L../../cnn_bsp/ps7_cortexa9_0/lib -o "cnn_cpp.elf"  ./src/mxml/mxml-attr.o ./src/mxml/mxml-entity.o ./src/mxml/mxml-file.o ./src/mxml/mxml-get.o ./src/mxml/mxml-index.o ./src/mxml/mxml-node.o ./src/mxml/mxml-private.o ./src/mxml/mxml-search.o ./src/mxml/mxml-set.o ./src/mxml/mxml-string.o  ./src/activation_functions.o ./src/activation_module.o ./src/container_module.o ./src/convolutional_module.o ./src/fpga_utils.o ./src/helloworld.o ./src/module.o ./src/net_parser.o ./src/platform.o ./src/pool_module.o ./src/tensor.o   -Wl,--start-group,-lxil,-lgcc,-lc,-lstdc++,--end-group -Wl,--start-group,-lxilffs,-lxil,-lgcc,-lc,--end-group
Finished building target: cnn_cpp.elf
 
Invoking: ARM v7 Print Size
arm-none-eabi-size cnn_cpp.elf  |tee "cnn_cpp.elf.size"
   text	   data	    bss	    dec	    hex	filename
 260224	   3120	89139008	89402352	5542bf0	cnn_cpp.elf
Finished building: cnn_cpp.elf.size
 
11:18:53 **** Auto Build of configuration Debug for project cnn_cpp ****
make pre-build main-build 
a9-linaro-pre-build-step
 
Building file: ../src/convolutional_module.cpp
Invoking: ARM v7 g++ compiler
arm-none-eabi-g++ -Wall -O0 -g3 -c -fmessage-length=0 -MT"src/convolutional_module.o" -mcpu=cortex-a9 -mfpu=vfpv3 -mfloat-abi=hard -I../../cnn_bsp/ps7_cortexa9_0/include -MMD -MP -MF"src/convolutional_module.d" -MT"src/convolutional_module.o" -o "src/convolutional_module.o" "../src/convolutional_module.cpp"
Finished building: ../src/convolutional_module.cpp
 
Building target: cnn_cpp.elf
Invoking: ARM v7 g++ linker
arm-none-eabi-g++ -mcpu=cortex-a9 -mfpu=vfpv3 -mfloat-abi=hard -Wl,-build-id=none -specs=Xilinx.spec -Wl,-T -Wl,../src/lscript.ld -L../../cnn_bsp/ps7_cortexa9_0/lib -o "cnn_cpp.elf"  ./src/mxml/mxml-attr.o ./src/mxml/mxml-entity.o ./src/mxml/mxml-file.o ./src/mxml/mxml-get.o ./src/mxml/mxml-index.o ./src/mxml/mxml-node.o ./src/mxml/mxml-private.o ./src/mxml/mxml-search.o ./src/mxml/mxml-set.o ./src/mxml/mxml-string.o  ./src/activation_functions.o ./src/activation_module.o ./src/container_module.o ./src/convolutional_module.o ./src/fpga_utils.o ./src/helloworld.o ./src/module.o ./src/net_parser.o ./src/platform.o ./src/pool_module.o ./src/tensor.o   -Wl,--start-group,-lxil,-lgcc,-lc,-lstdc++,--end-group -Wl,--start-group,-lxilffs,-lxil,-lgcc,-lc,--end-group
Finished building target: cnn_cpp.elf
 
Invoking: ARM v7 Print Size
arm-none-eabi-size cnn_cpp.elf  |tee "cnn_cpp.elf.size"
   text	   data	    bss	    dec	    hex	filename
 260288	   3120	89139008	89402416	5542c30	cnn_cpp.elf
Finished building: cnn_cpp.elf.size
 
11:19:09 **** Auto Build of configuration Debug for project cnn_cpp ****
make pre-build main-build 
a9-linaro-pre-build-step
 
Building file: ../src/convolutional_module.cpp
Invoking: ARM v7 g++ compiler
arm-none-eabi-g++ -Wall -O0 -g3 -c -fmessage-length=0 -MT"src/convolutional_module.o" -mcpu=cortex-a9 -mfpu=vfpv3 -mfloat-abi=hard -I../../cnn_bsp/ps7_cortexa9_0/include -MMD -MP -MF"src/convolutional_module.d" -MT"src/convolutional_module.o" -o "src/convolutional_module.o" "../src/convolutional_module.cpp"
Finished building: ../src/convolutional_module.cpp
 
Building target: cnn_cpp.elf
Invoking: ARM v7 g++ linker
arm-none-eabi-g++ -mcpu=cortex-a9 -mfpu=vfpv3 -mfloat-abi=hard -Wl,-build-id=none -specs=Xilinx.spec -Wl,-T -Wl,../src/lscript.ld -L../../cnn_bsp/ps7_cortexa9_0/lib -o "cnn_cpp.elf"  ./src/mxml/mxml-attr.o ./src/mxml/mxml-entity.o ./src/mxml/mxml-file.o ./src/mxml/mxml-get.o ./src/mxml/mxml-index.o ./src/mxml/mxml-node.o ./src/mxml/mxml-private.o ./src/mxml/mxml-search.o ./src/mxml/mxml-set.o ./src/mxml/mxml-string.o  ./src/activation_functions.o ./src/activation_module.o ./src/container_module.o ./src/convolutional_module.o ./src/fpga_utils.o ./src/helloworld.o ./src/module.o ./src/net_parser.o ./src/platform.o ./src/pool_module.o ./src/tensor.o   -Wl,--start-group,-lxil,-lgcc,-lc,-lstdc++,--end-group -Wl,--start-group,-lxilffs,-lxil,-lgcc,-lc,--end-group
Finished building target: cnn_cpp.elf
 
Invoking: ARM v7 Print Size
arm-none-eabi-size cnn_cpp.elf  |tee "cnn_cpp.elf.size"
   text	   data	    bss	    dec	    hex	filename
 260288	   3120	89139008	89402416	5542c30	cnn_cpp.elf
Finished building: cnn_cpp.elf.size
 
11:19:47 **** Auto Build of configuration Debug for project cnn_cpp ****
make pre-build main-build 
a9-linaro-pre-build-step
 
Building file: ../src/convolutional_module.cpp
Invoking: ARM v7 g++ compiler
arm-none-eabi-g++ -Wall -O0 -g3 -c -fmessage-length=0 -MT"src/convolutional_module.o" -mcpu=cortex-a9 -mfpu=vfpv3 -mfloat-abi=hard -I../../cnn_bsp/ps7_cortexa9_0/include -MMD -MP -MF"src/convolutional_module.d" -MT"src/convolutional_module.o" -o "src/convolutional_module.o" "../src/convolutional_module.cpp"
Finished building: ../src/convolutional_module.cpp
 
Building target: cnn_cpp.elf
Invoking: ARM v7 g++ linker
arm-none-eabi-g++ -mcpu=cortex-a9 -mfpu=vfpv3 -mfloat-abi=hard -Wl,-build-id=none -specs=Xilinx.spec -Wl,-T -Wl,../src/lscript.ld -L../../cnn_bsp/ps7_cortexa9_0/lib -o "cnn_cpp.elf"  ./src/mxml/mxml-attr.o ./src/mxml/mxml-entity.o ./src/mxml/mxml-file.o ./src/mxml/mxml-get.o ./src/mxml/mxml-index.o ./src/mxml/mxml-node.o ./src/mxml/mxml-private.o ./src/mxml/mxml-search.o ./src/mxml/mxml-set.o ./src/mxml/mxml-string.o  ./src/activation_functions.o ./src/activation_module.o ./src/container_module.o ./src/convolutional_module.o ./src/fpga_utils.o ./src/helloworld.o ./src/module.o ./src/net_parser.o ./src/platform.o ./src/pool_module.o ./src/tensor.o   -Wl,--start-group,-lxil,-lgcc,-lc,-lstdc++,--end-group -Wl,--start-group,-lxilffs,-lxil,-lgcc,-lc,--end-group
Finished building target: cnn_cpp.elf
 
Invoking: ARM v7 Print Size
arm-none-eabi-size cnn_cpp.elf  |tee "cnn_cpp.elf.size"
   text	   data	    bss	    dec	    hex	filename
 260288	   3120	89139008	89402416	5542c30	cnn_cpp.elf
Finished building: cnn_cpp.elf.size
 
11:19:54 **** Auto Build of configuration Debug for project cnn_cpp ****
make pre-build main-build 
a9-linaro-pre-build-step
 
Building file: ../src/convolutional_module.cpp
Invoking: ARM v7 g++ compiler
arm-none-eabi-g++ -Wall -O0 -g3 -c -fmessage-length=0 -MT"src/convolutional_module.o" -mcpu=cortex-a9 -mfpu=vfpv3 -mfloat-abi=hard -I../../cnn_bsp/ps7_cortexa9_0/include -MMD -MP -MF"src/convolutional_module.d" -MT"src/convolutional_module.o" -o "src/convolutional_module.o" "../src/convolutional_module.cpp"
Finished building: ../src/convolutional_module.cpp
 
Building target: cnn_cpp.elf
Invoking: ARM v7 g++ linker
arm-none-eabi-g++ -mcpu=cortex-a9 -mfpu=vfpv3 -mfloat-abi=hard -Wl,-build-id=none -specs=Xilinx.spec -Wl,-T -Wl,../src/lscript.ld -L../../cnn_bsp/ps7_cortexa9_0/lib -o "cnn_cpp.elf"  ./src/mxml/mxml-attr.o ./src/mxml/mxml-entity.o ./src/mxml/mxml-file.o ./src/mxml/mxml-get.o ./src/mxml/mxml-index.o ./src/mxml/mxml-node.o ./src/mxml/mxml-private.o ./src/mxml/mxml-search.o ./src/mxml/mxml-set.o ./src/mxml/mxml-string.o  ./src/activation_functions.o ./src/activation_module.o ./src/container_module.o ./src/convolutional_module.o ./src/fpga_utils.o ./src/helloworld.o ./src/module.o ./src/net_parser.o ./src/platform.o ./src/pool_module.o ./src/tensor.o   -Wl,--start-group,-lxil,-lgcc,-lc,-lstdc++,--end-group -Wl,--start-group,-lxilffs,-lxil,-lgcc,-lc,--end-group
Finished building target: cnn_cpp.elf
 
Invoking: ARM v7 Print Size
arm-none-eabi-size cnn_cpp.elf  |tee "cnn_cpp.elf.size"
   text	   data	    bss	    dec	    hex	filename
 260288	   3120	89139008	89402416	5542c30	cnn_cpp.elf
Finished building: cnn_cpp.elf.size
 
11:20:41 **** Auto Build of configuration Debug for project cnn_cpp ****
make pre-build main-build 
a9-linaro-pre-build-step
 
Building file: ../src/convolutional_module.cpp
Invoking: ARM v7 g++ compiler
arm-none-eabi-g++ -Wall -O0 -g3 -c -fmessage-length=0 -MT"src/convolutional_module.o" -mcpu=cortex-a9 -mfpu=vfpv3 -mfloat-abi=hard -I../../cnn_bsp/ps7_cortexa9_0/include -MMD -MP -MF"src/convolutional_module.d" -MT"src/convolutional_module.o" -o "src/convolutional_module.o" "../src/convolutional_module.cpp"
../src/convolutional_module.cpp: In function 'void forward_convolutional_mod(module*)':
../src/convolutional_module.cpp:121:9: warning: unused variable 'out_vol' [-Wunused-variable]
  tensor out_vol;
         ^~~~~~~
../src/convolutional_module.cpp:123:2: error: 'out_vol' was not declared in this scope
  out_vol.w = (cm->input[0].w - cm->filters[0].w + 2*cm->pad_w)/cm->stride_w + 1;
  ^~~~~~~
src/subdir.mk:55: set di istruzioni per l'obiettivo "src/convolutional_module.o" non riuscito
make: *** [src/convolutional_module.o] Errore 1
11:20:49 **** Auto Build of configuration Debug for project cnn_cpp ****
make pre-build main-build 
a9-linaro-pre-build-step
 
Building file: ../src/convolutional_module.cpp
Invoking: ARM v7 g++ compiler
arm-none-eabi-g++ -Wall -O0 -g3 -c -fmessage-length=0 -MT"src/convolutional_module.o" -mcpu=cortex-a9 -mfpu=vfpv3 -mfloat-abi=hard -I../../cnn_bsp/ps7_cortexa9_0/include -MMD -MP -MF"src/convolutional_module.d" -MT"src/convolutional_module.o" -o "src/convolutional_module.o" "../src/convolutional_module.cpp"
Finished building: ../src/convolutional_module.cpp
 
Building target: cnn_cpp.elf
Invoking: ARM v7 g++ linker
arm-none-eabi-g++ -mcpu=cortex-a9 -mfpu=vfpv3 -mfloat-abi=hard -Wl,-build-id=none -specs=Xilinx.spec -Wl,-T -Wl,../src/lscript.ld -L../../cnn_bsp/ps7_cortexa9_0/lib -o "cnn_cpp.elf"  ./src/mxml/mxml-attr.o ./src/mxml/mxml-entity.o ./src/mxml/mxml-file.o ./src/mxml/mxml-get.o ./src/mxml/mxml-index.o ./src/mxml/mxml-node.o ./src/mxml/mxml-private.o ./src/mxml/mxml-search.o ./src/mxml/mxml-set.o ./src/mxml/mxml-string.o  ./src/activation_functions.o ./src/activation_module.o ./src/container_module.o ./src/convolutional_module.o ./src/fpga_utils.o ./src/helloworld.o ./src/module.o ./src/net_parser.o ./src/platform.o ./src/pool_module.o ./src/tensor.o   -Wl,--start-group,-lxil,-lgcc,-lc,-lstdc++,--end-group -Wl,--start-group,-lxilffs,-lxil,-lgcc,-lc,--end-group
Finished building target: cnn_cpp.elf
 
Invoking: ARM v7 Print Size
arm-none-eabi-size cnn_cpp.elf  |tee "cnn_cpp.elf.size"
   text	   data	    bss	    dec	    hex	filename
 260288	   3120	89139008	89402416	5542c30	cnn_cpp.elf
Finished building: cnn_cpp.elf.size
 
11:21:16 **** Auto Build of configuration Debug for project cnn_cpp ****
make pre-build main-build 
a9-linaro-pre-build-step
 
Building file: ../src/convolutional_module.cpp
Invoking: ARM v7 g++ compiler
arm-none-eabi-g++ -Wall -O0 -g3 -c -fmessage-length=0 -MT"src/convolutional_module.o" -mcpu=cortex-a9 -mfpu=vfpv3 -mfloat-abi=hard -I../../cnn_bsp/ps7_cortexa9_0/include -MMD -MP -MF"src/convolutional_module.d" -MT"src/convolutional_module.o" -o "src/convolutional_module.o" "../src/convolutional_module.cpp"
Finished building: ../src/convolutional_module.cpp
 
Building target: cnn_cpp.elf
Invoking: ARM v7 g++ linker
arm-none-eabi-g++ -mcpu=cortex-a9 -mfpu=vfpv3 -mfloat-abi=hard -Wl,-build-id=none -specs=Xilinx.spec -Wl,-T -Wl,../src/lscript.ld -L../../cnn_bsp/ps7_cortexa9_0/lib -o "cnn_cpp.elf"  ./src/mxml/mxml-attr.o ./src/mxml/mxml-entity.o ./src/mxml/mxml-file.o ./src/mxml/mxml-get.o ./src/mxml/mxml-index.o ./src/mxml/mxml-node.o ./src/mxml/mxml-private.o ./src/mxml/mxml-search.o ./src/mxml/mxml-set.o ./src/mxml/mxml-string.o  ./src/activation_functions.o ./src/activation_module.o ./src/container_module.o ./src/convolutional_module.o ./src/fpga_utils.o ./src/helloworld.o ./src/module.o ./src/net_parser.o ./src/platform.o ./src/pool_module.o ./src/tensor.o   -Wl,--start-group,-lxil,-lgcc,-lc,-lstdc++,--end-group -Wl,--start-group,-lxilffs,-lxil,-lgcc,-lc,--end-group
Finished building target: cnn_cpp.elf
 
Invoking: ARM v7 Print Size
arm-none-eabi-size cnn_cpp.elf  |tee "cnn_cpp.elf.size"
   text	   data	    bss	    dec	    hex	filename
 260288	   3120	89139008	89402416	5542c30	cnn_cpp.elf
Finished building: cnn_cpp.elf.size
 
11:21:39 **** Auto Build of configuration Debug for project cnn_cpp ****
make pre-build main-build 
a9-linaro-pre-build-step
 
Building file: ../src/convolutional_module.cpp
Invoking: ARM v7 g++ compiler
arm-none-eabi-g++ -Wall -O0 -g3 -c -fmessage-length=0 -MT"src/convolutional_module.o" -mcpu=cortex-a9 -mfpu=vfpv3 -mfloat-abi=hard -I../../cnn_bsp/ps7_cortexa9_0/include -MMD -MP -MF"src/convolutional_module.d" -MT"src/convolutional_module.o" -o "src/convolutional_module.o" "../src/convolutional_module.cpp"
Finished building: ../src/convolutional_module.cpp
 
Building target: cnn_cpp.elf
Invoking: ARM v7 g++ linker
arm-none-eabi-g++ -mcpu=cortex-a9 -mfpu=vfpv3 -mfloat-abi=hard -Wl,-build-id=none -specs=Xilinx.spec -Wl,-T -Wl,../src/lscript.ld -L../../cnn_bsp/ps7_cortexa9_0/lib -o "cnn_cpp.elf"  ./src/mxml/mxml-attr.o ./src/mxml/mxml-entity.o ./src/mxml/mxml-file.o ./src/mxml/mxml-get.o ./src/mxml/mxml-index.o ./src/mxml/mxml-node.o ./src/mxml/mxml-private.o ./src/mxml/mxml-search.o ./src/mxml/mxml-set.o ./src/mxml/mxml-string.o  ./src/activation_functions.o ./src/activation_module.o ./src/container_module.o ./src/convolutional_module.o ./src/fpga_utils.o ./src/helloworld.o ./src/module.o ./src/net_parser.o ./src/platform.o ./src/pool_module.o ./src/tensor.o   -Wl,--start-group,-lxil,-lgcc,-lc,-lstdc++,--end-group -Wl,--start-group,-lxilffs,-lxil,-lgcc,-lc,--end-group
Finished building target: cnn_cpp.elf
 
Invoking: ARM v7 Print Size
arm-none-eabi-size cnn_cpp.elf  |tee "cnn_cpp.elf.size"
   text	   data	    bss	    dec	    hex	filename
 260288	   3120	89139008	89402416	5542c30	cnn_cpp.elf
Finished building: cnn_cpp.elf.size
 
17:34:41 **** Auto Build of configuration Debug for project cnn_cpp ****
make pre-build main-build 
a9-linaro-pre-build-step
 
Building file: ../src/activation_functions.cpp
Invoking: ARM v7 g++ compiler
arm-none-eabi-g++ -Wall -O0 -g3 -c -fmessage-length=0 -MT"src/activation_functions.o" -mcpu=cortex-a9 -mfpu=vfpv3 -mfloat-abi=hard -I../../cnn_bsp/ps7_cortexa9_0/include -MMD -MP -MF"src/activation_functions.d" -MT"src/activation_functions.o" -o "src/activation_functions.o" "../src/activation_functions.cpp"
Finished building: ../src/activation_functions.cpp
 
Building target: cnn_cpp.elf
Invoking: ARM v7 g++ linker
arm-none-eabi-g++ -mcpu=cortex-a9 -mfpu=vfpv3 -mfloat-abi=hard -Wl,-build-id=none -specs=Xilinx.spec -Wl,-T -Wl,../src/lscript.ld -L../../cnn_bsp/ps7_cortexa9_0/lib -o "cnn_cpp.elf"  ./src/mxml/mxml-attr.o ./src/mxml/mxml-entity.o ./src/mxml/mxml-file.o ./src/mxml/mxml-get.o ./src/mxml/mxml-index.o ./src/mxml/mxml-node.o ./src/mxml/mxml-private.o ./src/mxml/mxml-search.o ./src/mxml/mxml-set.o ./src/mxml/mxml-string.o  ./src/activation_functions.o ./src/activation_module.o ./src/container_module.o ./src/convolutional_module.o ./src/fpga_utils.o ./src/helloworld.o ./src/module.o ./src/net_parser.o ./src/platform.o ./src/pool_module.o ./src/tensor.o   -Wl,--start-group,-lxil,-lgcc,-lc,-lstdc++,--end-group -Wl,--start-group,-lxilffs,-lxil,-lgcc,-lc,--end-group
Finished building target: cnn_cpp.elf
 
Invoking: ARM v7 Print Size
arm-none-eabi-size cnn_cpp.elf  |tee "cnn_cpp.elf.size"
   text	   data	    bss	    dec	    hex	filename
 260288	   3120	89139008	89402416	5542c30	cnn_cpp.elf
Finished building: cnn_cpp.elf.size
 
17:45:29 **** Auto Build of configuration Debug for project cnn_cpp ****
make pre-build main-build 
a9-linaro-pre-build-step
 
Building file: ../src/convolutional_module.cpp
Invoking: ARM v7 g++ compiler
arm-none-eabi-g++ -Wall -O0 -g3 -c -fmessage-length=0 -MT"src/convolutional_module.o" -mcpu=cortex-a9 -mfpu=vfpv3 -mfloat-abi=hard -I../../cnn_bsp/ps7_cortexa9_0/include -MMD -MP -MF"src/convolutional_module.d" -MT"src/convolutional_module.o" -o "src/convolutional_module.o" "../src/convolutional_module.cpp"
../src/convolutional_module.cpp: In function 'void forward_convolutional_mod(module*)':
../src/convolutional_module.cpp:129:9: error: too few arguments to function 'void* malloc(size_t)'
  malloc();
         ^
In file included from /media/dati/dante/Xilinx/SDK/2017.3/gnu/aarch32/lin/gcc-arm-none-eabi/arm-none-eabi/libc/usr/include/ctype.h:4:0,
                 from ../../cnn_bsp/ps7_cortexa9_0/include/xil_printf.h:8,
                 from ../../cnn_bsp/ps7_cortexa9_0/include/xil_io.h:65,
                 from ../../cnn_bsp/ps7_cortexa9_0/include/xzhang_cnn.h:20,
                 from ../src/fpga_utils.hpp:2,
                 from ../src/convolutional_module.cpp:3:
/media/dati/dante/Xilinx/SDK/2017.3/gnu/aarch32/lin/gcc-arm-none-eabi/arm-none-eabi/libc/usr/include/stdlib.h:100:6: note: declared here
src/subdir.mk:55: set di istruzioni per l'obiettivo "src/convolutional_module.o" non riuscito
 _PTR _EXFUN_NOTHROW(malloc,(size_t __size));
      ^
make: *** [src/convolutional_module.o] Errore 1
17:45:31 **** Auto Build of configuration Debug for project cnn_cpp ****
make pre-build main-build 
a9-linaro-pre-build-step
 
Building file: ../src/convolutional_module.cpp
Invoking: ARM v7 g++ compiler
arm-none-eabi-g++ -Wall -O0 -g3 -c -fmessage-length=0 -MT"src/convolutional_module.o" -mcpu=cortex-a9 -mfpu=vfpv3 -mfloat-abi=hard -I../../cnn_bsp/ps7_cortexa9_0/include -MMD -MP -MF"src/convolutional_module.d" -MT"src/convolutional_module.o" -o "src/convolutional_module.o" "../src/convolutional_module.cpp"
Finished building: ../src/convolutional_module.cpp
 
Building target: cnn_cpp.elf
Invoking: ARM v7 g++ linker
arm-none-eabi-g++ -mcpu=cortex-a9 -mfpu=vfpv3 -mfloat-abi=hard -Wl,-build-id=none -specs=Xilinx.spec -Wl,-T -Wl,../src/lscript.ld -L../../cnn_bsp/ps7_cortexa9_0/lib -o "cnn_cpp.elf"  ./src/mxml/mxml-attr.o ./src/mxml/mxml-entity.o ./src/mxml/mxml-file.o ./src/mxml/mxml-get.o ./src/mxml/mxml-index.o ./src/mxml/mxml-node.o ./src/mxml/mxml-private.o ./src/mxml/mxml-search.o ./src/mxml/mxml-set.o ./src/mxml/mxml-string.o  ./src/activation_functions.o ./src/activation_module.o ./src/container_module.o ./src/convolutional_module.o ./src/fpga_utils.o ./src/helloworld.o ./src/module.o ./src/net_parser.o ./src/platform.o ./src/pool_module.o ./src/tensor.o   -Wl,--start-group,-lxil,-lgcc,-lc,-lstdc++,--end-group -Wl,--start-group,-lxilffs,-lxil,-lgcc,-lc,--end-group
Finished building target: cnn_cpp.elf
 
Invoking: ARM v7 Print Size
arm-none-eabi-size cnn_cpp.elf  |tee "cnn_cpp.elf.size"
   text	   data	    bss	    dec	    hex	filename
 260352	   3120	89139008	89402480	5542c70	cnn_cpp.elf
Finished building: cnn_cpp.elf.size
 
